 jqs_plugin

 Timestamp is 51b7161b (Tue Jun 11 13:20:43 2013)

 Preferred load address is 10000000

 Start         Length     Name                   Class
 0001:00000000 000078aeH .text                   CODE
 0001:000078ae 0000034fH .text$x                 CODE
 0001:00007bfd 00000066H .text$yc                CODE
 0001:00007c63 0000004bH .text$yd                CODE
 0002:00000000 00000274H .idata$5                DATA
 0002:00000280 00002840H .rdata                  DATA
 0002:00002ac0 0000006bH .rdata$debug            DATA
 0002:00002b2c 0000013cH .rdata$r                DATA
 0002:00002c70 000000a8H .rdata$sxdata           DATA
 0002:00002d18 00000004H .rtc$IAA                DATA
 0002:00002d1c 00000004H .rtc$IZZ                DATA
 0002:00002d20 00000004H .rtc$TAA                DATA
 0002:00002d24 00000004H .rtc$TZZ                DATA
 0002:00002d28 00000bbcH .xdata$x                DATA
 0002:000038e4 00000004H ATL$__a                 DATA
 0002:000038e8 00000004H ATL$__m                 DATA
 0002:000038ec 00000004H ATL$__z                 DATA
 0002:000038f0 000000a0H .idata$2                DATA
 0002:00003990 00000014H .idata$3                DATA
 0002:000039a4 00000274H .idata$4                DATA
 0002:00003c18 000008b6H .idata$6                DATA
 0002:000044d0 000000a7H .edata                  DATA
 0003:00000000 00000004H .CRT$XCA                DATA
 0003:00000004 00000004H .CRT$XCAA               DATA
 0003:00000008 00000008H .CRT$XCL                DATA
 0003:00000010 00000010H .CRT$XCU                DATA
 0003:00000020 00000004H .CRT$XCZ                DATA
 0003:00000024 00000004H .CRT$XIA                DATA
 0003:00000028 00000004H .CRT$XIZ                DATA
 0003:00000030 000008ffH .data                   DATA
 0003:00000930 0000024cH .bss                    DATA
 0004:00000000 00000184H .rsrc$01                DATA
 0004:00000190 00001040H .rsrc$02                DATA

  Address         Publics by Value              Rva+Base     Lib:Object

 0000:00000000       __except_list              00000000     <absolute>
 0000:0000002a       ___safe_se_handler_count   0000002a     <absolute>
 0000:00009876       __ldused                   00009876     <absolute>
 0000:00009876       __fltused                  00009876     <absolute>
 0000:00000000       ___ImageBase               10000000     <linker-defined>
 0001:00000000       ?copy@?$char_traits@D@std@@SAPADPADPBDI@Z 10001000 f i utils.obj
 0001:00000023       ?find@?$char_traits@D@std@@SAPBDPBDIABD@Z 10001023 f i utils.obj
 0001:0000003d       ?roundUp@@YAIII@Z          1000103d f   utils.obj
 0001:00000051       ?roundUp64@@YA_K_KI@Z      10001051 f   utils.obj
 0001:00000080       ?roundDown64@@YA_K_KI@Z    10001080 f   utils.obj
 0001:000000a3       ?tolowercase@@YA?AV?$basic_string@DU?$char_traits@D@std@@V?$allocator@D@2@@std@@ABV12@@Z 100010a3 f   utils.obj
 0001:0000012a       ?trim@@YA?AV?$basic_string@DU?$char_traits@D@std@@V?$allocator@D@2@@std@@ABV12@@Z 1000112a f   utils.obj
 0001:0000019f       ?getline@@YA_NPAU_iobuf@@AAV?$basic_string@DU?$char_traits@D@std@@V?$allocator@D@2@@std@@@Z 1000119f f   utils.obj
 0001:00000236       ?_Inside@?$basic_string@DU?$char_traits@D@std@@V?$allocator@D@2@@std@@IAE_NPBD@Z 10001236 f i utils.obj
 0001:0000026a       ??A?$basic_string@DU?$char_traits@D@std@@V?$allocator@D@2@@std@@QAEAADI@Z 1000126a f i utils.obj
 0001:00000281       ?find_first_not_of@?$basic_string@DU?$char_traits@D@std@@V?$allocator@D@2@@std@@QBEIPBDII@Z 10001281 f i utils.obj
 0001:000002eb       ?find_last_not_of@?$basic_string@DU?$char_traits@D@std@@V?$allocator@D@2@@std@@QBEIPBDII@Z 100012eb f i utils.obj
 0001:00000354       ?_Eos@?$basic_string@DU?$char_traits@D@std@@V?$allocator@D@2@@std@@IAEXI@Z 10001354 f i utils.obj
 0001:00000370       ?_Tidy@?$basic_string@DU?$char_traits@D@std@@V?$allocator@D@2@@std@@IAEX_NI@Z 10001370 f i utils.obj
 0001:000003b9       ?_Copy@?$basic_string@DU?$char_traits@D@std@@V?$allocator@D@2@@std@@IAEXII@Z 100013b9 f i utils.obj
 0001:000004a1       ??0?$basic_string@DU?$char_traits@D@std@@V?$allocator@D@2@@std@@QAE@XZ 100014a1 f i utils.obj
 0001:000004b6       ?erase@?$basic_string@DU?$char_traits@D@std@@V?$allocator@D@2@@std@@QAEAAV12@II@Z 100014b6 f i utils.obj
 0001:00000523       ?find_first_not_of@?$basic_string@DU?$char_traits@D@std@@V?$allocator@D@2@@std@@QBEIPBDI@Z 10001523 f i utils.obj
 0001:00000546       ?find_last_not_of@?$basic_string@DU?$char_traits@D@std@@V?$allocator@D@2@@std@@QBEIPBDI@Z 10001546 f i utils.obj
 0001:00000569       ?end@?$basic_string@DU?$char_traits@D@std@@V?$allocator@D@2@@std@@QAE?AViterator@12@XZ 10001569 f i utils.obj
 0001:00000585       ?_Grow@?$basic_string@DU?$char_traits@D@std@@V?$allocator@D@2@@std@@IAE_NI_N@Z 10001585 f i utils.obj
 0001:000005e3       ?append@?$basic_string@DU?$char_traits@D@std@@V?$allocator@D@2@@std@@QAEAAV12@ABV12@II@Z 100015e3 f i utils.obj
 0001:00000678       ?assign@?$basic_string@DU?$char_traits@D@std@@V?$allocator@D@2@@std@@QAEAAV12@ABV12@II@Z 10001678 f i utils.obj
 0001:00000707       ?erase@?$basic_string@DU?$char_traits@D@std@@V?$allocator@D@2@@std@@QAE?AViterator@12@V312@0@Z 10001707 f i utils.obj
 0001:00000756       ?append@?$basic_string@DU?$char_traits@D@std@@V?$allocator@D@2@@std@@QAEAAV12@PBDI@Z 10001756 f i utils.obj
 0001:000007e6       ?assign@?$basic_string@DU?$char_traits@D@std@@V?$allocator@D@2@@std@@QAEAAV12@PBDI@Z 100017e6 f i utils.obj
 0001:00000855       ??0?$basic_string@DU?$char_traits@D@std@@V?$allocator@D@2@@std@@QAE@ABV01@@Z 10001855 f i utils.obj
 0001:0000087b       ?clear@?$basic_string@DU?$char_traits@D@std@@V?$allocator@D@2@@std@@QAEXXZ 1000187b f i utils.obj
 0001:000008af       ??0?$basic_string@DU?$char_traits@D@std@@V?$allocator@D@2@@std@@QAE@ABV01@II@Z 100018af f i utils.obj
 0001:000008d9       ?append@?$basic_string@DU?$char_traits@D@std@@V?$allocator@D@2@@std@@QAEAAV12@PBD@Z 100018d9 f i utils.obj
 0001:000008fc       ?assign@?$basic_string@DU?$char_traits@D@std@@V?$allocator@D@2@@std@@QAEAAV12@PBD@Z 100018fc f i utils.obj
 0001:0000091f       ??0?$basic_string@DU?$char_traits@D@std@@V?$allocator@D@2@@std@@QAE@PBD@Z 1000191f f i utils.obj
 0001:00000941       ?substr@?$basic_string@DU?$char_traits@D@std@@V?$allocator@D@2@@std@@QBE?AV12@II@Z 10001941 f i utils.obj
 0001:000009a6       ??0Thread@@QAE@XZ          100019a6 f   thread.obj
 0001:000009b3       ??1Thread@@UAE@XZ          100019b3 f   thread.obj
 0001:000009d0       ?start@Thread@@UAE_NXZ     100019d0 f   thread.obj
 0001:00000a1a       ?waitToFinish@Thread@@QAEXXZ 10001a1a f   thread.obj
 0001:00000a3e       ??_EThread@@UAEPAXI@Z      10001a3e f i thread.obj
 0001:00000a3e       ??_GThread@@UAEPAXI@Z      10001a3e f i thread.obj
 0001:00000a5a       ?initSocketLibrary@@YAXXZ  10001a5a f   sockets.obj
 0001:00000a9f       ?cleanupSocketLibrary@@YAXXZ 10001a9f f   sockets.obj
 0001:00000aa5       ??1SocketEvent@@UAE@XZ     10001aa5 f   sockets.obj
 0001:00000ab5       ?getEvent@SocketEvent@@QBEPAXXZ 10001ab5 f   sockets.obj
 0001:00000ab9       ??1Socket@@UAE@XZ          10001ab9 f   sockets.obj
 0001:00000ad4       ?setTimeout@Socket@@QAEXH@Z 10001ad4 f   sockets.obj
 0001:00000ade       ??0SocketEvent@@QAE@XZ     10001ade f   sockets.obj
 0001:00000b1a       ?wait@SocketEvent@@QAEXI@Z 10001b1a f   sockets.obj
 0001:00000b9c       ?reset@SocketEvent@@QAEXXZ 10001b9c f   sockets.obj
 0001:00000bcc       ?signal@SocketEvent@@QAEXXZ 10001bcc f   sockets.obj
 0001:00000bfc       ??0Socket@@QAE@XZ          10001bfc f   sockets.obj
 0001:00000c6a       ??0Socket@@QAE@I@Z         10001c6a f   sockets.obj
 0001:00000cd2       ?bind@Socket@@QAEXPAUsockaddr_in@@@Z 10001cd2 f   sockets.obj
 0001:00000d23       ?listen@Socket@@QAEXXZ     10001d23 f   sockets.obj
 0001:00000d59       ?connect@Socket@@QAEXPAUsockaddr_in@@@Z 10001d59 f   sockets.obj
 0001:00000daa       ?getLocalAddress@Socket@@QAEXPAUsockaddr_in@@@Z 10001daa f   sockets.obj
 0001:00000deb       ?select@Socket@@QAE_NW4socket_status@1@H@Z 10001deb f   sockets.obj
 0001:00000e92       ?eventSelect@Socket@@QAEXJ@Z 10001e92 f   sockets.obj
 0001:00000ecc       ?wait@Socket@@QAEXH@Z      10001ecc f   sockets.obj
 0001:00000f24       ?interrupt@Socket@@QAEXXZ  10001f24 f   sockets.obj
 0001:00000f30       ??0Connection@@QAE@H@Z     10001f30 f   sockets.obj
 0001:00000fa8       ??0Connection@@QAE@I@Z     10001fa8 f   sockets.obj
 0001:00000fe5       ??0ServerSocket@@QAE@H@Z   10001fe5 f   sockets.obj
 0001:00001064       ?select@Socket@@QAE_NW4socket_status@1@@Z 10002064 f   sockets.obj
 0001:00001073       ?accept@Socket@@QAEPAVConnection@@XZ 10002073 f   sockets.obj
 0001:0000116d       ?send@Socket@@QAEXPBDH@Z   1000216d f   sockets.obj
 0001:000011c9       ?recv@Socket@@QAEHPADH@Z   100021c9 f   sockets.obj
 0001:00001238       ?sendMessage@Connection@@QAEXABV?$vector@DV?$allocator@D@std@@@std@@@Z 10002238 f   sockets.obj
 0001:00001256       ?receiveMessage@Connection@@QAEXAAV?$vector@DV?$allocator@D@std@@@std@@@Z 10002256 f   sockets.obj
 0001:000012b2       ??$fill_n@PADID@std@@YAXPADIABD@Z 100022b2 f i sockets.obj
 0001:000012cb       ??$_Copy_backward_opt@PADPAD@std@@YAPADPAD00U_Scalar_ptr_iterator_tag@0@@Z 100022cb f i sockets.obj
 0001:000012e9       ??$_Copy_opt@PADPAD@std@@YAPADPAD00U_Scalar_ptr_iterator_tag@0@@Z 100022e9 f i os_utils.obj
 0001:000012e9       ??$_Uninit_copy@DD@std@@YAPADPAD00AAV?$allocator@D@0@U_Scalar_ptr_iterator_tag@0@@Z 100022e9 f i sockets.obj
 0001:00001308       ??_GSocketEvent@@UAEPAXI@Z 10002308 f i sockets.obj
 0001:00001308       ??_ESocketEvent@@UAEPAXI@Z 10002308 f i sockets.obj
 0001:00001324       ??_ESocket@@UAEPAXI@Z      10002324 f i sockets.obj
 0001:00001324       ??_GSocket@@UAEPAXI@Z      10002324 f i sockets.obj
 0001:00001340       ??$copy_backward@PADPAD@std@@YAPADPAD00@Z 10002340 f i sockets.obj
 0001:0000135a       ??$_Uninitialized_copy@PADPADV?$allocator@D@std@@@std@@YAPADPAD00AAV?$allocator@D@0@@Z 1000235a f i sockets.obj
 0001:00001377       ??$_Copy_opt@Viterator@?$vector@DV?$allocator@D@std@@@std@@PAD@std@@YAPADViterator@?$vector@DV?$allocator@D@std@@@0@0PADU_Nonscalar_ptr_iterator_tag@0@@Z 10002377 f i sockets.obj
 0001:00001394       ??$_Uninit_copy@Viterator@?$vector@DV?$allocator@D@std@@@std@@PADV?$allocator@D@3@@std@@YAPADViterator@?$vector@DV?$allocator@D@std@@@0@0PADAAV?$allocator@D@0@U_Nonscalar_ptr_iterator_tag@0@@Z 10002394 f i sockets.obj
 0001:000013b7       ?_Tidy@?$vector@DV?$allocator@D@std@@@std@@IAEXXZ 100023b7 f i sockets.obj
 0001:000013d6       ?_Ufill@?$vector@DV?$allocator@D@std@@@std@@IAEPADPADIABD@Z 100023d6 f i sockets.obj
 0001:000013f6       ??$copy@Viterator@?$vector@DV?$allocator@D@std@@@std@@PAD@std@@YAPADViterator@?$vector@DV?$allocator@D@std@@@0@0PAD@Z 100023f6 f i sockets.obj
 0001:00001410       ??$_Uninitialized_copy@Viterator@?$vector@DV?$allocator@D@std@@@std@@PADV?$allocator@D@3@@std@@YAPADViterator@?$vector@DV?$allocator@D@std@@@0@0PADAAV?$allocator@D@0@@Z 10002410 f i sockets.obj
 0001:0000142d       ??1logic_error@std@@UAE@XZ 1000242d f i sockets.obj
 0001:0000144b       ?what@logic_error@std@@UBEPBDXZ 1000244b f i sockets.obj
 0001:00001459       ??_Glogic_error@std@@UAEPAXI@Z 10002459 f i sockets.obj
 0001:00001459       ??_Elogic_error@std@@UAEPAXI@Z 10002459 f i sockets.obj
 0001:00001475       ??0AddressAlreadyInUseException@@QAE@XZ 10002475 f i sockets.obj
 0001:00001475       ??0SocketClosedException@@QAE@XZ 10002475 f i sockets.obj
 0001:00001475       ??0InterruptedException@@QAE@XZ 10002475 f i sockets.obj
 0001:00001475       ??0ConnectionRefusedException@@QAE@XZ 10002475 f i sockets.obj
 0001:00001485       ??0logic_error@std@@QAE@ABV?$basic_string@DU?$char_traits@D@std@@V?$allocator@D@2@@1@@Z 10002485 f i sockets.obj
 0001:000014c2       ??_Glength_error@std@@UAEPAXI@Z 100024c2 f i sockets.obj
 0001:000014c2       ??_Elength_error@std@@UAEPAXI@Z 100024c2 f i sockets.obj
 0001:000014de       ??1length_error@std@@UAE@XZ 100024de f i sockets.obj
 0001:000014e9       ?_Xlen@?$vector@DV?$allocator@D@std@@@std@@IBEXXZ 100024e9 f i sockets.obj
 0001:00001529       ??0logic_error@std@@QAE@ABV01@@Z 10002529 f i sockets.obj
 0001:0000156d       ??0length_error@std@@QAE@ABV01@@Z 1000256d f i sockets.obj
 0001:00001585       ??$_Insert@Viterator@?$vector@DV?$allocator@D@std@@@std@@@?$vector@DV?$allocator@D@std@@@std@@QAEXViterator@01@00Uforward_iterator_tag@1@@Z 10002585 f i sockets.obj
 0001:00001742       ??0SocketException@@QAE@PBD@Z 10002742 f i sockets.obj
 0001:0000175d       ??0TimeoutException@@QAE@XZ 1000275d f i sockets.obj
 0001:0000176e       ??0SocketException@@QAE@ABV0@@Z 1000276e f i sockets.obj
 0001:00001789       ??1InterruptedException@@QAE@XZ 10002789 f i sockets.obj
 0001:00001789       ??1?$basic_string@DU?$char_traits@D@std@@V?$allocator@D@2@@std@@QAE@XZ 10002789 f i utils.obj
 0001:00001789       ??1SocketClosedException@@QAE@XZ 10002789 f i sockets.obj
 0001:00001789       ??1AddressAlreadyInUseException@@QAE@XZ 10002789 f i sockets.obj
 0001:00001789       ??1ConnectionRefusedException@@QAE@XZ 10002789 f i sockets.obj
 0001:00001789       ??1SocketException@@QAE@XZ 10002789 f i sockets.obj
 0001:00001789       ??1TimeoutException@@QAE@XZ 10002789 f i sockets.obj
 0001:00001793       ??0SocketClosedException@@QAE@ABV0@@Z 10002793 f i sockets.obj
 0001:00001793       ??0TimeoutException@@QAE@ABV0@@Z 10002793 f i sockets.obj
 0001:00001793       ??0AddressAlreadyInUseException@@QAE@ABV0@@Z 10002793 f i sockets.obj
 0001:00001793       ??0ConnectionRefusedException@@QAE@ABV0@@Z 10002793 f i sockets.obj
 0001:00001793       ??0InterruptedException@@QAE@ABV0@@Z 10002793 f i sockets.obj
 0001:000017a5       ??_EConnection@@UAEPAXI@Z  100027a5 f i sockets.obj
 0001:000017a5       ??_GConnection@@UAEPAXI@Z  100027a5 f i sockets.obj
 0001:000017c1       ??1Connection@@UAE@XZ      100027c1 f i sockets.obj
 0001:000017cc       ??_GServerSocket@@UAEPAXI@Z 100027cc f i sockets.obj
 0001:000017cc       ??_EServerSocket@@UAEPAXI@Z 100027cc f i sockets.obj
 0001:000017e8       ??1ServerSocket@@UAE@XZ    100027e8 f i sockets.obj
 0001:000017f3       ?_Buy@?$vector@DV?$allocator@D@std@@@std@@IAE_NI@Z 100027f3 f i sockets.obj
 0001:00001833       ?_Construct_n@?$vector@DV?$allocator@D@std@@@std@@QAEXIABD@Z 10002833 f i sockets.obj
 0001:0000185c       ??0?$vector@DV?$allocator@D@std@@@std@@QAE@I@Z 1000285c f i sockets.obj
 0001:0000187a       ?jqs_warn@@YAXPBDZZ        1000287a f   print.obj
 0001:00001994       ?openLogFile@@YAXABV?$basic_string@DU?$char_traits@D@std@@V?$allocator@D@2@@std@@@Z 10002994 f   print.obj
 0001:00001b2e       ?jqs_error@@YAXPBDZZ       10002b2e f   print.obj
 0001:00001b8d       ?jqs_info@@YAXIPBDZZ       10002b8d f   print.obj
 0001:00001bf3       ?addEventSource@@YAXXZ     10002bf3 f   print.obj
 0001:00001cf1       ?removeEventSource@@YAXXZ  10002cf1 f   print.obj
 0001:00001db0       ??1RegKeyCloser@@QAE@XZ    10002db0 f i print.obj
 0001:00001dca       ??1HandleCloser@@QAE@XZ    10002dca f i os_utils.obj
 0001:00001dea       ?jqs_exception_filter@@YAHPAU_EXCEPTION_POINTERS@@@Z 10002dea f   os_utils.obj
 0001:00001e49       ??0PerformanceCountersMonitor@@QAE@XZ 10002e49 f   os_utils.obj
 0001:00001e6e       ??1PerformanceCountersMonitor@@QAE@XZ 10002e6e f   os_utils.obj
 0001:00001eaf       ?collect@PerformanceCountersMonitor@@QAEXXZ 10002eaf f   os_utils.obj
 0001:00001f9d       ?print_process_working_set_size@@YAXPBDPAUworking_set_size@@@Z 10002f9d f   os_utils.obj
 0001:00001fba       ?jqs_exit@@YAXH@Z          10002fba f   os_utils.obj
 0001:00001ff6       ?getCounterValue@PerformanceCountersMonitor@@QAENI@Z 10002ff6 f   os_utils.obj
 0001:0000202a       ?get_process_working_set_size@@YAXPAUworking_set_size@@@Z 1000302a f   os_utils.obj
 0001:00002096       ?set_process_working_set_size@@YAXPAUworking_set_size@@@Z 10003096 f   os_utils.obj
 0001:0000215f       ?getDefaultPageSize@@YAIXZ 1000315f f   os_utils.obj
 0001:0000218c       ?jqs_at_exit@@YAXP6AXH@Z@Z 1000318c f   os_utils.obj
 0001:000021ba       ?getBaseName@@YA?AV?$basic_string@DU?$char_traits@D@std@@V?$allocator@D@2@@std@@ABV12@@Z 100031ba f   os_utils.obj
 0001:000021fd       ?has_extension@@YA_NABV?$basic_string@DU?$char_traits@D@std@@V?$allocator@D@2@@std@@PAPBD@Z 100031fd f   os_utils.obj
 0001:000022ae       ?is_executable@@YA_NABV?$basic_string@DU?$char_traits@D@std@@V?$allocator@D@2@@std@@@Z 100032ae f   os_utils.obj
 0001:000022bf       ?getLocaleString@@YA?AV?$basic_string@DU?$char_traits@D@std@@V?$allocator@D@2@@std@@XZ 100032bf f   os_utils.obj
 0001:00002312       ?getMyFileName@@YA?AV?$basic_string@DU?$char_traits@D@std@@V?$allocator@D@2@@std@@PAUHINSTANCE__@@@Z 10003312 f   os_utils.obj
 0001:00002384       ?getFullPath@@YA?AV?$basic_string@DU?$char_traits@D@std@@V?$allocator@D@2@@std@@ABV12@@Z 10003384 f   os_utils.obj
 0001:0000247f       ?getSatelliteFileName@@YA?AV?$basic_string@DU?$char_traits@D@std@@V?$allocator@D@2@@std@@ABV12@PAUHINSTANCE__@@@Z 1000347f f   os_utils.obj
 0001:00002549       ?convertMappedFileName@@YA?AV?$basic_string@DU?$char_traits@D@std@@V?$allocator@D@2@@std@@ABV12@@Z 10003549 f   os_utils.obj
 0001:000026de       ?openDeviceByFileName@@YAPAXPBD@Z 100036de f   os_utils.obj
 0001:000027c8       ?init@PerformanceCountersMonitor@@QAE_NXZ 100037c8 f   os_utils.obj
 0001:0000290d       ?convUnicodeToString@@YA?AV?$basic_string@DU?$char_traits@D@std@@V?$allocator@D@2@@std@@PBG@Z 1000390d f   os_utils.obj
 0001:000029c0       ?isAdmin@@YA_NXZ           100039c0 f   os_utils.obj
 0001:00002b14       ?compare@?$basic_string@DU?$char_traits@D@std@@V?$allocator@D@2@@std@@QBEHIIPBDI@Z 10003b14 f i os_utils.obj
 0001:00002b80       ?rfind@?$basic_string@DU?$char_traits@D@std@@V?$allocator@D@2@@std@@QBEIPBDII@Z 10003b80 f i os_utils.obj
 0001:00002c01       ??$copy@PADPAD@std@@YAPADPAD00@Z 10003c01 f i os_utils.obj
 0001:00002c1b       ?compare@?$basic_string@DU?$char_traits@D@std@@V?$allocator@D@2@@std@@QBEHPBD@Z 10003c1b f i os_utils.obj
 0001:00002c3f       ?erase@?$vector@DV?$allocator@D@std@@@std@@QAE?AViterator@12@V312@0@Z 10003c3f f i os_utils.obj
 0001:00002c6b       ??$?HDU?$char_traits@D@std@@V?$allocator@D@1@@std@@YA?AV?$basic_string@DU?$char_traits@D@std@@V?$allocator@D@2@@0@ABV10@0@Z 10003c6b f i os_utils.obj
 0001:00002cbd       ?_Insert_n@?$vector@DV?$allocator@D@std@@@std@@IAEXViterator@12@IABD@Z 10003cbd f i os_utils.obj
 0001:00002e5e       ?resize@?$vector@DV?$allocator@D@std@@@std@@QAEXID@Z 10003e5e f i os_utils.obj
 0001:00002ebb       ?JQS_System_LoadLibrary@@YAPAUHINSTANCE__@@PBD@Z 10003ebb f   os_layer.obj
 0001:00002f64       ?cleanupOSLayer@@YAXXZ     10003f64 f   os_layer.obj
 0001:0000348b       ?initOSLayer@@YAXXZ        1000448b f   os_layer.obj
 0001:00003845       ?_AtlVerifyStackAvailable@_ATL_SAFE_ALLOCA_IMPL@ATL@@YA_NK@Z 10004845 f i jqsiestartdetectorimpl.obj
 0001:0000389f       ?_AtlGetThreadACPFake@ATL@@YGIXZ 1000489f f i jqsiestartdetectorimpl.obj
 0001:00003900       ?_AtlGetThreadACPReal@ATL@@YGIXZ 10004900 f i jqsiestartdetectorimpl.obj
 0001:00003904       ?_AtlGetThreadACPThunk@ATL@@YGIXZ 10004904 f i jqsiestartdetectorimpl.obj
 0001:00003964       ?AtlA2WHelper@@YGPAGPAGPBDHI@Z 10004964 f i jqsiestartdetectorimpl.obj
 0001:0000399b       ?AtlW2AHelper@@YGPADPADPBGHI@Z 1000499b f i jqsiestartdetectorimpl.obj
 0001:000039d3       ?ocscpy@@YAPAGPAGPBG@Z     100049d3 f i jqsiestartdetectorimpl.obj
 0001:000039fb       ?AtlThrow@ATL@@YGXJ@Z      100049fb f i jqsiestartdetectorimpl.obj
 0001:00003a13       ??0CComCriticalSection@ATL@@QAE@XZ 10004a13 f i jqsiestartdetectorimpl.obj
 0001:00003a23       ?Init@CComCriticalSection@ATL@@QAEJXZ 10004a23 f i jqsiestartdetectorimpl.obj
 0001:00003a73       ??0CComAutoCriticalSection@ATL@@QAE@XZ 10004a73 f i jqsiestartdetectorimpl.obj
 0001:00003a96       ?AtlHresultFromLastError@ATL@@YAJXZ 10004a96 f i jqsiestartdetectorimpl.obj
 0001:00003aab       ?AtlHresultFromWin32@ATL@@YAJK@Z 10004aab f i jqsiestartdetectorimpl.obj
 0001:00003abe       ?AtlComPtrAssign@ATL@@YGPAUIUnknown@@PAPAU2@PAU2@@Z 10004abe f i jqsiestartdetectorimpl.obj
 0001:00003aef       ?EscapeSingleQuote@CAtlModule@ATL@@SAXPAGPBG@Z 10004aef f i jqsiestartdetectorimpl.obj
 0001:00003b1a       ?Close@CRegKey@ATL@@QAEJXZ 10004b1a f i jqsiestartdetectorimpl.obj
 0001:00003b31       ?Create@CRegKey@ATL@@QAEJPAUHKEY__@@PBDPADKKPAU_SECURITY_ATTRIBUTES@@PAK@Z 10004b31 f i jqsiestartdetectorimpl.obj
 0001:00003b7f       ?Open@CRegKey@ATL@@QAEJPAUHKEY__@@PBDK@Z 10004b7f f i jqsiestartdetectorimpl.obj
 0001:00003bb4       ?SetDWORDValue@CRegKey@ATL@@QAEJPBDK@Z 10004bb4 f i jqsiestartdetectorimpl.obj
 0001:00003bce       ?SetStringValue@CRegKey@ATL@@QAEJPBD0K@Z 10004bce f i jqsiestartdetectorimpl.obj
 0001:00003bf7       ?SetMultiStringValue@CRegKey@ATL@@QAEJPBD0@Z 10004bf7 f i jqsiestartdetectorimpl.obj
 0001:00003c2e       ?IsEqualKey@CExpansionVectorEqualHelper@ATL@@SA_NQAD0@Z 10004c2e f i jqsiestartdetectorimpl.obj
 0001:00003c43       ?EndOfVar@CRegParser@ATL@@IAEHXZ 10004c43 f i jqsiestartdetectorimpl.obj
 0001:00003c5d       ??0CParseBuffer@CRegParser@ATL@@QAE@H@Z 10004c5d f i jqsiestartdetectorimpl.obj
 0001:00003c8b       ??1CParseBuffer@CRegParser@ATL@@QAE@XZ 10004c8b f i jqsiestartdetectorimpl.obj
 0001:00003c95       ?Append@CParseBuffer@CRegParser@ATL@@QAEHPBDH@Z 10004c95 f i jqsiestartdetectorimpl.obj
 0001:00003cfd       ?AddChar@CParseBuffer@CRegParser@ATL@@QAEHPBD@Z 10004cfd f i jqsiestartdetectorimpl.obj
 0001:00003d1c       ?VTFromRegType@CRegParser@ATL@@KAHPBDAAG@Z 10004d1c f i jqsiestartdetectorimpl.obj
 0001:00003dae       ?ChToByte@CRegParser@ATL@@KAED@Z 10004dae f i jqsiestartdetectorimpl.obj
 0001:00003dd9       ?HKeyFromString@CRegParser@ATL@@KAPAUHKEY__@@PAD@Z 10004dd9 f i jqsiestartdetectorimpl.obj
 0001:00003e04       ?StrChrA@CRegParser@ATL@@KAPADPADD@Z 10004e04 f i jqsiestartdetectorimpl.obj
 0001:00003e2c       ?IsSpace@CRegParser@ATL@@IAEHD@Z 10004e2c f i jqsiestartdetectorimpl.obj
 0001:00003e4a       ?SkipWhiteSpace@CRegParser@ATL@@IAEXXZ 10004e4a f i jqsiestartdetectorimpl.obj
 0001:00003e6c       ?NextToken@CRegParser@ATL@@IAEJPAD@Z 10004e6c f i jqsiestartdetectorimpl.obj
 0001:00003f55       ?CanForceRemoveKey@CRegParser@ATL@@IAEHPBD@Z 10004f55 f i jqsiestartdetectorimpl.obj
 0001:00003f81       ?HasSubKeys@CRegParser@ATL@@IAEHPAUHKEY__@@@Z 10004f81 f i jqsiestartdetectorimpl.obj
 0001:00003fb6       ?SkipAssignment@CRegParser@ATL@@IAEJPAD@Z 10004fb6 f i jqsiestartdetectorimpl.obj
 0001:00004016       ?ObjectMain@CComObjectRootBase@ATL@@SGX_N@Z 10005016 f i jqsiestartdetectorimpl.obj
 0001:00004019       ?GetObjectDescription@?$CComCoClass@VCJQSIEStartDetectorImpl@@$1?CLSID_JQSIEStartDetectorImpl@@3U_GUID@@B@ATL@@SGPBDXZ 10005019 f i jqsiestartdetectorimpl.obj
 0001:00004019       ?GetCategoryMap@CComObjectRootBase@ATL@@SAPBU_ATL_CATMAP_ENTRY@2@XZ 10005019 f i jqsiestartdetectorimpl.obj
 0001:0000401c       ??1stringdispid@CComTypeInfoHolder@ATL@@QAE@XZ 1000501c f i jqsiestartdetectorimpl.obj
 0001:0000401c       ??1CComBSTR@ATL@@QAE@XZ    1000501c f i jqsiestartdetectorimpl.obj
 0001:00004025       ??1?$CAtlSafeAllocBufferManager@VCCRTAllocator@ATL@@@_ATL_SAFE_ALLOCA_IMPL@ATL@@QAE@XZ 10005025 f i jqsiestartdetectorimpl.obj
 0001:0000403f       ?RemoveAll@?$CSimpleMap@PADPAGVCExpansionVectorEqualHelper@ATL@@@ATL@@QAEXXZ 1000503f f i jqsiestartdetectorimpl.obj
 0001:0000406c       ?GetKeyAt@?$CSimpleMap@PADPAGVCExpansionVectorEqualHelper@ATL@@@ATL@@QBEAAPADH@Z 1000506c f i jqsiestartdetectorimpl.obj
 0001:00004093       ?GetValueAt@?$CSimpleMap@PADPAGVCExpansionVectorEqualHelper@ATL@@@ATL@@QBEAAPAGH@Z 10005093 f i jqsiestartdetectorimpl.obj
 0001:000040bb       ?FindKey@?$CSimpleMap@PADPAGVCExpansionVectorEqualHelper@ATL@@@ATL@@QBEHABQAD@Z 100050bb f i jqsiestartdetectorimpl.obj
 0001:000040ee       ?FreeHeap@?$CTempBuffer@D$0EAA@VCCRTAllocator@ATL@@@ATL@@AAEXXZ 100050ee f i jqsiestartdetectorimpl.obj
 0001:000040ee       ?FreeHeap@?$CTempBuffer@E$0BAA@VCCRTAllocator@ATL@@@ATL@@AAEXXZ 100050ee f i jqsiestartdetectorimpl.obj
 0001:000040ee       ?FreeHeap@?$CTempBuffer@D$0BAA@VCCRTAllocator@ATL@@@ATL@@AAEXXZ 100050ee f i jqsiestartdetectorimpl.obj
 0001:000040f8       ?CreateInstance@?$CComFailCreator@$0?HPPLPOPA@@ATL@@SGJPAXABU_GUID@@PAPAX@Z 100050f8 f i jqsiestartdetectorimpl.obj
 0001:00004112       ?AllocateHeap@?$CTempBuffer@E$0BAA@VCCRTAllocator@ATL@@@ATL@@AAEXI@Z 10005112 f i jqsiestartdetectorimpl.obj
 0001:00004112       ?AllocateHeap@?$CTempBuffer@D$0BAA@VCCRTAllocator@ATL@@@ATL@@AAEXI@Z 10005112 f i jqsiestartdetectorimpl.obj
 0001:00004112       ?AllocateHeap@?$CTempBuffer@D$0EAA@VCCRTAllocator@ATL@@@ATL@@AAEXI@Z 10005112 f i jqsiestartdetectorimpl.obj
 0001:00004134       ??1CRegKey@ATL@@QAE@XZ     10005134 f i jqsiestartdetectorimpl.obj
 0001:00004139       ?RecurseDeleteKey@CRegKey@ATL@@QAEJPBD@Z 10005139 f i jqsiestartdetectorimpl.obj
 0001:000041e4       ?ClearReplacements@CExpansionVector@ATL@@QAEJXZ 100051e4 f i jqsiestartdetectorimpl.obj
 0001:00004221       ?ClearReplacements@CRegObject@ATL@@UAGJXZ 10005221 f i jqsiestartdetectorimpl.obj
 0001:00004230       ??1CComClassFactory@ATL@@UAE@XZ 10005230 f i jqsiestartdetectorimpl.obj
 0001:00004241       ?CreateInstance@CComClassFactory@ATL@@UAGJPAUIUnknown@@ABU_GUID@@PAPAX@Z 10005241 f i jqsiestartdetectorimpl.obj
 0001:0000428d       ?LockServer@CComClassFactory@ATL@@UAGJH@Z 1000528d f i jqsiestartdetectorimpl.obj
 0001:000042a9       ??_ECComClassFactory@ATL@@UAEPAXI@Z 100052a9 f i jqsiestartdetectorimpl.obj
 0001:000042a9       ??_GCComClassFactory@ATL@@UAEPAXI@Z 100052a9 f i jqsiestartdetectorimpl.obj
 0001:000042c5       ??_Estringdispid@CComTypeInfoHolder@ATL@@QAEPAXI@Z 100052c5 f i jqsiestartdetectorimpl.obj
 0001:00004310       ?Allocate@?$CAtlSafeAllocBufferManager@VCCRTAllocator@ATL@@@_ATL_SAFE_ALLOCA_IMPL@ATL@@QAEPAXK@Z 10005310 f i jqsiestartdetectorimpl.obj
 0001:00004333       ?Lookup@?$CSimpleMap@PADPAGVCExpansionVectorEqualHelper@ATL@@@ATL@@QBEPAGABQAD@Z 10005333 f i jqsiestartdetectorimpl.obj
 0001:00004356       ??1?$CTempBuffer@E$0BAA@VCCRTAllocator@ATL@@@ATL@@QAE@XZ 10005356 f i jqsiestartdetectorimpl.obj
 0001:00004356       ??1?$CTempBuffer@D$0EAA@VCCRTAllocator@ATL@@@ATL@@QAE@XZ 10005356 f i jqsiestartdetectorimpl.obj
 0001:00004356       ??1?$CTempBuffer@D$0BAA@VCCRTAllocator@ATL@@@ATL@@QAE@XZ 10005356 f i jqsiestartdetectorimpl.obj
 0001:00004363       ?SetSite@?$IObjectWithSiteImpl@VCJQSIEStartDetectorImpl@@@ATL@@UAGJPAUIUnknown@@@Z 10005363 f i jqsiestartdetectorimpl.obj
 0001:00004379       ?InternalSetAtIndex@?$CSimpleMap@PADPAGVCExpansionVectorEqualHelper@ATL@@@ATL@@QAEXHABQADABQAG@Z 10005379 f i jqsiestartdetectorimpl.obj
 0001:000043a2       ?AllocateBytes@?$CTempBuffer@D$0EAA@VCCRTAllocator@ATL@@@ATL@@QAEPADI@Z 100053a2 f i jqsiestartdetectorimpl.obj
 0001:000043c5       ?AllocateBytes@?$CTempBuffer@E$0BAA@VCCRTAllocator@ATL@@@ATL@@QAEPAEI@Z 100053c5 f i jqsiestartdetectorimpl.obj
 0001:000043c5       ?AllocateBytes@?$CTempBuffer@D$0BAA@VCCRTAllocator@ATL@@@ATL@@QAEPADI@Z 100053c5 f i jqsiestartdetectorimpl.obj
 0001:000043e8       ??0CComClassFactory@ATL@@QAE@XZ 100053e8 f i jqsiestartdetectorimpl.obj
 0001:00004401       ?AddString@CParseBuffer@CRegParser@ATL@@QAEHPBG@Z 10005401 f i jqsiestartdetectorimpl.obj
 0001:0000448d       ??1CRegObject@ATL@@UAE@XZ  1000548d f i jqsiestartdetectorimpl.obj
 0001:000044ad       ?QueryInterface@CRegObject@ATL@@UAGJABU_GUID@@PAPAX@Z 100054ad f i jqsiestartdetectorimpl.obj
 0001:000044b5       ?AddRef@CRegObject@ATL@@UAGKXZ 100054b5 f i jqsiestartdetectorimpl.obj
 0001:000044bb       ?Release@CRegObject@ATL@@UAGKXZ 100054bb f i jqsiestartdetectorimpl.obj
 0001:000044c0       ??_ECRegObject@ATL@@UAEPAXI@Z 100054c0 f i jqsiestartdetectorimpl.obj
 0001:000044c0       ??_GCRegObject@ATL@@UAEPAXI@Z 100054c0 f i jqsiestartdetectorimpl.obj
 0001:000044dc       ?PreProcessBuffer@CRegParser@ATL@@QAEJPADPAPAD@Z 100054dc f i jqsiestartdetectorimpl.obj
 0001:00004627       ??1CJQSIEStartDetectorImpl@@UAE@XZ 10005627 f i jqsiestartdetectorimpl.obj
 0001:00004635       ?SetSite@CJQSIEStartDetectorImpl@@UAGJPAUIUnknown@@@Z 10005635 f   jqsiestartdetectorimpl.obj
 0001:00004685       ?Add@?$CSimpleMap@PADPAGVCExpansionVectorEqualHelper@ATL@@@ATL@@QAEHABQADABQAG@Z 10005685 f i jqsiestartdetectorimpl.obj
 0001:000046e0       ?AddRef@?$CComObjectNoLock@VCComClassFactory@ATL@@@ATL@@UAGKXZ 100056e0 f i jqsiestartdetectorimpl.obj
 0001:000046f1       ?Release@?$CComObjectNoLock@VCComClassFactory@ATL@@@ATL@@UAGKXZ 100056f1 f i jqsiestartdetectorimpl.obj
 0001:0000471b       ?QueryInterface@?$CComObjectNoLock@VCComClassFactory@ATL@@@ATL@@UAGJABU_GUID@@PAPAX@Z 1000571b f i jqsiestartdetectorimpl.obj
 0001:00004734       ?AtlInternalQueryInterface@ATL@@YGJPAXPBU_ATL_INTMAP_ENTRY@1@ABU_GUID@@PAPAX@Z 10005734 f i jqsiestartdetectorimpl.obj
 0001:00004802       ??_G?$CComObjectNoLock@VCComClassFactory@ATL@@@ATL@@UAEPAXI@Z 10005802 f i jqsiestartdetectorimpl.obj
 0001:00004802       ??_E?$CComObjectNoLock@VCComClassFactory@ATL@@@ATL@@UAEPAXI@Z 10005802 f i jqsiestartdetectorimpl.obj
 0001:0000481e       ??1?$CComObjectNoLock@VCComClassFactory@ATL@@@ATL@@UAE@XZ 1000581e f i jqsiestartdetectorimpl.obj
 0001:00004836       ?Add@CExpansionVector@ATL@@QAEHPBDPBG@Z 10005836 f i jqsiestartdetectorimpl.obj
 0001:0000493a       ?AddReplacement@CRegObject@ATL@@UAGJPBG0@Z 1000593a f i jqsiestartdetectorimpl.obj
 0001:00004a00       ?AddValue@CRegParser@ATL@@IAEJAAVCRegKey@2@PBDPAD@Z 10005a00 f i jqsiestartdetectorimpl.obj
 0001:00004d84       ?RegisterSubkeys@CRegParser@ATL@@IAEJPADPAUHKEY__@@HH@Z 10005d84 f i jqsiestartdetectorimpl.obj
 0001:0000527c       ??0CRegObject@ATL@@QAE@XZ  1000627c f i jqsiestartdetectorimpl.obj
 0001:00005290       ??0CJQSIEStartDetectorImpl@@QAE@XZ 10006290 f i jqsiestartdetectorimpl.obj
 0001:0000529b       ?CreateInstance@?$CComCreator@V?$CComObjectNoLock@VCComClassFactory@ATL@@@ATL@@@ATL@@SGJPAXABU_GUID@@PAPAX@Z 1000629b f i jqsiestartdetectorimpl.obj
 0001:0000533b       ??0?$CComObject@VCJQSIEStartDetectorImpl@@@ATL@@QAE@PAX@Z 1000633b f i jqsiestartdetectorimpl.obj
 0001:00005361       ?GetTypeInfoCount@?$IDispatchImpl@UIJQSIEStartDetectorImpl@@$1?IID_IJQSIEStartDetectorImpl@@3U_GUID@@B$1?LIBID_JQSIEStartDetectorLib@@3U3@B$00$0A@VCComTypeInfoHolder@ATL@@@ATL@@UAGJPAI@Z 10006361 f i jqsiestartdetectorimpl.obj
 0001:0000537b       ?AddRef@?$CComObject@VCJQSIEStartDetectorImpl@@@ATL@@UAGKXZ 1000637b f i jqsiestartdetectorimpl.obj
 0001:00005388       ?Release@?$CComObject@VCJQSIEStartDetectorImpl@@@ATL@@UAGKXZ 10006388 f i jqsiestartdetectorimpl.obj
 0001:000053a6       ?AddRef@?$CComObject@VCJQSIEStartDetectorImpl@@@ATL@@W7AGKXZ 100063a6 f i jqsiestartdetectorimpl.obj
 0001:000053b0       ?Release@?$CComObject@VCJQSIEStartDetectorImpl@@@ATL@@W7AGKXZ 100063b0 f i jqsiestartdetectorimpl.obj
 0001:000053ba       ?GetSite@?$IObjectWithSiteImpl@VCJQSIEStartDetectorImpl@@@ATL@@UAGJABU_GUID@@PAPAX@Z 100063ba f i jqsiestartdetectorimpl.obj
 0001:000053e9       ?QueryInterface@?$CComObject@VCJQSIEStartDetectorImpl@@@ATL@@UAGJABU_GUID@@PAPAX@Z 100063e9 f i jqsiestartdetectorimpl.obj
 0001:00005402       ?QueryInterface@?$CComObject@VCJQSIEStartDetectorImpl@@@ATL@@W7AGJABU_GUID@@PAPAX@Z 10006402 f i jqsiestartdetectorimpl.obj
 0001:0000540c       ??_E?$CComObject@VCJQSIEStartDetectorImpl@@@ATL@@UAEPAXI@Z 1000640c f i jqsiestartdetectorimpl.obj
 0001:0000540c       ??_G?$CComObject@VCJQSIEStartDetectorImpl@@@ATL@@UAEPAXI@Z 1000640c f i jqsiestartdetectorimpl.obj
 0001:00005428       ??1?$CComObject@VCJQSIEStartDetectorImpl@@@ATL@@UAE@XZ 10006428 f i jqsiestartdetectorimpl.obj
 0001:00005452       ?RegisterBuffer@CRegParser@ATL@@QAEJPADH@Z 10006452 f i jqsiestartdetectorimpl.obj
 0001:00005567       ?GetTypeInfo@?$IDispatchImpl@UIJQSIEStartDetectorImpl@@$1?IID_IJQSIEStartDetectorImpl@@3U_GUID@@B$1?LIBID_JQSIEStartDetectorLib@@3U3@B$00$0A@VCComTypeInfoHolder@ATL@@@ATL@@UAGJIKPAPAUITypeInfo@@@Z 10006567 f i jqsiestartdetectorimpl.obj
 0001:0000557c       ?GetTI@CComTypeInfoHolder@ATL@@QAEJKPAPAUITypeInfo@@@Z 1000657c f i jqsiestartdetectorimpl.obj
 0001:000055bc       ?GetTI@CComTypeInfoHolder@ATL@@QAEJK@Z 100065bc f i jqsiestartdetectorimpl.obj
 0001:0000589f       ?LoadNameCache@CComTypeInfoHolder@ATL@@QAEJPAUITypeInfo@@@Z 1000689f f i jqsiestartdetectorimpl.obj
 0001:00005a0d       ??0stringdispid@CComTypeInfoHolder@ATL@@QAE@XZ 10006a0d f i jqsiestartdetectorimpl.obj
 0001:00005a1b       ??1?$CComCritSecLock@VCComCriticalSection@ATL@@@ATL@@QAE@XZ 10006a1b f i jqsiestartdetectorimpl.obj
 0001:00005a32       ??$?4UITypeInfo2@@@?$CComPtr@UITypeInfo@@@ATL@@QAEPAUITypeInfo@@ABV?$CComPtr@UITypeInfo2@@@1@@Z 10006a32 f i jqsiestartdetectorimpl.obj
 0001:00005a69       ?AtlModuleAddTermFunc@ATL@@YGJPAU_ATL_MODULE70@1@P6GXK@ZK@Z 10006a69 f i jqsiestartdetectorimpl.obj
 0001:00005b04       ??0?$CComCritSecLock@VCComCriticalSection@ATL@@@ATL@@QAE@AAVCComCriticalSection@1@_N@Z 10006b04 f i jqsiestartdetectorimpl.obj
 0001:00005b29       ?Cleanup@CComTypeInfoHolder@ATL@@SGXK@Z 10006b29 f i jqsiestartdetectorimpl.obj
 0001:00005b59       ?GetIDsOfNames@?$IDispatchImpl@UIJQSIEStartDetectorImpl@@$1?IID_IJQSIEStartDetectorImpl@@3U_GUID@@B$1?LIBID_JQSIEStartDetectorLib@@3U3@B$00$0A@VCComTypeInfoHolder@ATL@@@ATL@@UAGJABU_GUID@@PAPAGIKPAJ@Z 10006b59 f i jqsiestartdetectorimpl.obj
 0001:00005b79       ?GetIDsOfNames@CComTypeInfoHolder@ATL@@QAEJABU_GUID@@PAPAGIKPAJ@Z 10006b79 f i jqsiestartdetectorimpl.obj
 0001:00005c37       ?Invoke@?$IDispatchImpl@UIJQSIEStartDetectorImpl@@$1?IID_IJQSIEStartDetectorImpl@@3U_GUID@@B$1?LIBID_JQSIEStartDetectorLib@@3U3@B$00$0A@VCComTypeInfoHolder@ATL@@@ATL@@UAGJJABU_GUID@@KGPAUtagDISPPARAMS@@PAUtagVARIANT@@PAUtagEXCEPINFO@@PAI@Z 10006c37 f i jqsiestartdetectorimpl.obj
 0001:00005c84       ?CreateInstance@?$CComCreator@V?$CComObject@VCJQSIEStartDetectorImpl@@@ATL@@@ATL@@SGJPAXABU_GUID@@PAPAX@Z 10006c84 f i jqsiestartdetectorimpl.obj
 0001:00005d16       ?RegisterFromResource@CRegObject@ATL@@IAEJPBGPBD1H@Z 10006d16 f i jqsiestartdetectorimpl.obj
 0001:00005eee       ?ResourceRegister@CRegObject@ATL@@QAGJPBGI0@Z 10006eee f i jqsiestartdetectorimpl.obj
 0001:00005f93       ?ResourceUnregister@CRegObject@ATL@@QAGJPBGI0@Z 10006f93 f i jqsiestartdetectorimpl.obj
 0001:00006038       ?UpdateRegistryFromResourceS@CAtlModule@ATL@@QAGJIHPAU_ATL_REGMAP_ENTRY@2@@Z 10007038 f i jqsiestartdetectorimpl.obj
 0001:00006223       ?UpdateRegistry@CJQSIEStartDetectorImpl@@SGJH@Z 10007223 f i jqsiestartdetectorimpl.obj
 0001:00006239       ?CreateInstance@?$CComCreator2@V?$CComCreator@V?$CComObject@VCJQSIEStartDetectorImpl@@@ATL@@@ATL@@V?$CComFailCreator@$0?HPPLPOPA@@2@@ATL@@SGJPAXABU_GUID@@PAPAX@Z 10007239 f i jqsiestartdetectorimpl.obj
 0001:00006259       _InlineIsEqualGUID         10007259 f i jqsiestartdetector.obj
 0001:00006286       ?ExecuteObjectMain@CAtlComModule@ATL@@QAEX_N@Z 10007286 f i jqsiestartdetector.obj
 0001:000062e6       _DllMain@12                100072e6 f   jqsiestartdetector.obj
 0001:00006307       _DllCanUnloadNow@0         10007307 f   jqsiestartdetector.obj
 0001:0000631b       _DllGetClassObject@12      1000731b f   jqsiestartdetector.obj
 0001:00006325       _DllRegisterServer@0       10007325 f   jqsiestartdetector.obj
 0001:00006332       _DllUnregisterServer@0     10007332 f   jqsiestartdetector.obj
 0001:0000634c       ?AtlCallTermFunc@ATL@@YGXPAU_ATL_MODULE70@1@@Z 1000734c f i jqsiestartdetector.obj
 0001:0000638c       ??0CAtlModule@ATL@@QAE@XZ  1000738c f i jqsiestartdetector.obj
 0001:000063cb       ?Term@CAtlModule@ATL@@QAEXXZ 100073cb f i jqsiestartdetector.obj
 0001:00006404       ??1?$CComPtr@UICatRegister@@@ATL@@QAE@XZ 10007404 f i jqsiestartdetector.obj
 0001:00006404       ??1?$CComPtr@UITypeInfo2@@@ATL@@QAE@XZ 10007404 f i jqsiestartdetectorimpl.obj
 0001:00006404       ??1?$CComPtr@UITypeLib@@@ATL@@QAE@XZ 10007404 f i jqsiestartdetector.obj
 0001:00006404       ??1?$CComPtr@UITypeInfo@@@ATL@@QAE@XZ 10007404 f i jqsiestartdetectorimpl.obj
 0001:00006411       ??0?$CComPtr@UICatRegister@@@ATL@@QAE@XZ 10007411 f i jqsiestartdetector.obj
 0001:00006411       ??0?$CComPtr@UITypeLib@@@ATL@@QAE@XZ 10007411 f i jqsiestartdetector.obj
 0001:00006417       ??1?$CAtlModuleT@VCJQSIEStartDetectorModule@@@ATL@@UAE@XZ 10007417 f i jqsiestartdetector.obj
 0001:0000641c       ??0?$CAtlModuleT@VCJQSIEStartDetectorModule@@@ATL@@QAE@XZ 1000741c f i jqsiestartdetector.obj
 0001:0000643a       ?AtlLoadTypeLib@ATL@@YGJPAUHINSTANCE__@@PBGPAPAGPAPAUITypeLib@@@Z 1000743a f i jqsiestartdetector.obj
 0001:00006694       ?AtlUnRegisterTypeLib@ATL@@YGJPAUHINSTANCE__@@PBG@Z 10007694 f i jqsiestartdetector.obj
 0001:00006716       ?AtlRegisterTypeLib@ATL@@YGJPAUHINSTANCE__@@PBG@Z 10007716 f i jqsiestartdetector.obj
 0001:000067ef       ?AtlRegisterClassCategoriesHelper@ATL@@YGJABU_GUID@@PBU_ATL_CATMAP_ENTRY@1@H@Z 100077ef f i jqsiestartdetector.obj
 0001:00006a93       ?AtlComModuleGetClassObject@ATL@@YGJPAU_ATL_COM_MODULE70@1@ABU_GUID@@1PAPAX@Z 10007a93 f i jqsiestartdetector.obj
 0001:00006b6a       ??0?$CAtlDllModuleT@VCJQSIEStartDetectorModule@@@ATL@@QAE@XZ 10007b6a f i jqsiestartdetector.obj
 0001:00006b82       ??1?$CAtlDllModuleT@VCJQSIEStartDetectorModule@@@ATL@@UAE@XZ 10007b82 f i jqsiestartdetector.obj
 0001:00006b99       ?GetClassObject@?$CAtlDllModuleT@VCJQSIEStartDetectorModule@@@ATL@@QAEJABU_GUID@@0PAPAX@Z 10007b99 f i jqsiestartdetector.obj
 0001:00006bb2       ?AtlComModuleRegisterServer@ATL@@YGJPAU_ATL_COM_MODULE70@1@HPBU_GUID@@@Z 10007bb2 f i jqsiestartdetector.obj
 0001:00006c3e       ?AtlComModuleUnregisterServer@ATL@@YGJPAU_ATL_COM_MODULE70@1@HPBU_GUID@@@Z 10007c3e f i jqsiestartdetector.obj
 0001:00006cca       ??0CJQSIEStartDetectorModule@@QAE@XZ 10007cca f i jqsiestartdetector.obj
 0001:00006cdc       ?Lock@CAtlModule@ATL@@UAEJXZ 10007cdc f i jqsiestartdetector.obj
 0001:00006ce7       ?Unlock@CAtlModule@ATL@@UAEJXZ 10007ce7 f i jqsiestartdetector.obj
 0001:00006cf2       ?GetLockCount@CAtlModule@ATL@@UAEJXZ 10007cf2 f i jqsiestartdetector.obj
 0001:00006cf6       ?GetGITPtr@CAtlModule@ATL@@UAEJPAPAUIGlobalInterfaceTable@@@Z 10007cf6 f i jqsiestartdetector.obj
 0001:00006d3f       ?AddCommonRGSReplacements@?$CAtlModuleT@VCJQSIEStartDetectorModule@@@ATL@@UAEJPAUIRegistrarBase@@@Z 10007d3f f i jqsiestartdetector.obj
 0001:00006d56       ??1CJQSIEStartDetectorModule@@UAE@XZ 10007d56 f i jqsiestartdetector.obj
 0001:00006d5b       ??_GCJQSIEStartDetectorModule@@UAEPAXI@Z 10007d5b f i jqsiestartdetector.obj
 0001:00006d5b       ??_ECJQSIEStartDetectorModule@@UAEPAXI@Z 10007d5b f i jqsiestartdetector.obj
 0001:00006d77       ?RegisterServer@?$CAtlModuleT@VCJQSIEStartDetectorModule@@@ATL@@QAEJHPBU_GUID@@@Z 10007d77 f i jqsiestartdetector.obj
 0001:00006da3       ?UnregisterServer@?$CAtlModuleT@VCJQSIEStartDetectorModule@@@ATL@@QAEJHPBU_GUID@@@Z 10007da3 f i jqsiestartdetector.obj
 0001:00006dc7       ?UpdateRegistryAppId@CJQSIEStartDetectorModule@@SGJH@Z 10007dc7 f i jqsiestartdetector.obj
 0001:00006dfb       ?DllRegisterServer@?$CAtlDllModuleT@VCJQSIEStartDetectorModule@@@ATL@@QAEJH@Z 10007dfb f i jqsiestartdetector.obj
 0001:00006e1a       ??1JQSAPIMessage@@QAE@XZ   10007e1a f i jqs_api_client.obj
 0001:00006e1a       ??1?$vector@DV?$allocator@D@std@@@std@@QAE@XZ 10007e1a f i sockets.obj
 0001:00006e1f       ?insert@?$vector@DV?$allocator@D@std@@@std@@QAE?AViterator@12@V312@ABD@Z 10007e1f f i jqs_api_client.obj
 0001:00006e60       ?push_back@?$vector@DV?$allocator@D@std@@@std@@QAEXABD@Z 10007e60 f i jqs_api_client.obj
 0001:00006eae       ?append@JQSAPIMessage@@QAEXI@Z 10007eae f i jqs_api_client.obj
 0001:00006f03       ??0JQSAPIMessage@@QAE@W4JQSAPIMessageKind@@I@Z 10007f03 f i jqs_api_client.obj
 0001:00006f51       ?sendJQSAPICommand@@YA_NW4JQSAPIMessageKind@@@Z 10007f51 f   jqs_api_client.obj
 0001:00007040       __allmul                   10008040 f   MSVCRT:llmul.obj
 0001:00007080       __aulldiv                  10008080 f   MSVCRT:ulldiv.obj
 0001:000070e8       ??3@YAXPAX@Z               100080e8 f   MSVCRT:MSVCR71.dll
 0001:000070ee       ??2@YAPAXI@Z               100080ee f   MSVCRT:MSVCR71.dll
 0001:000070f4       ___CxxFrameHandler         100080f4 f   MSVCRT:MSVCR71.dll
 0001:00007100       __EH_prolog                10008100 f   MSVCRT:ehprolog.obj
 0001:00007120       __CxxThrowException@8      10008120 f   MSVCRT:MSVCR71.dll
 0001:00007157       @__security_check_cookie@4 10008157 f   MSVCRT:secchk.obj
 0001:00007165       __onexit                   10008165 f   MSVCRT:atonexit.obj
 0001:0000718b       _atexit                    1000818b f   MSVCRT:atonexit.obj
 0001:000071a0       __SEH_prolog               100081a0 f   MSVCRT:sehprolg.obj
 0001:000071db       __SEH_epilog               100081db f   MSVCRT:sehprolg.obj
 0001:000071ec       __except_handler3          100081ec f   MSVCRT:MSVCR71.dll
 0001:000071f2       __purecall                 100081f2 f   MSVCRT:MSVCR71.dll
 0001:000071f8       ??0exception@@QAE@ABV0@@Z  100081f8 f   MSVCRT:MSVCR71.dll
 0001:000071fe       ??_Etype_info@@UAEPAXI@Z   100081fe f i MSVCRT:ti_inst.obj
 0001:0000724a       _free                      1000824a f   MSVCRT:MSVCR71.dll
 0001:00007250       __chkstk                   10008250 f   MSVCRT:chkstk.obj
 0001:00007250       __alloca_probe             10008250     MSVCRT:chkstk.obj
 0001:0000728e       ??_V@YAXPAX@Z              1000828e f   MSVCRT:MSVCR71.dll
 0001:00007294       ?__ArrayUnwind@@YGXPAXIHP6EX0@Z@Z 10008294 f   MSVCRT:ehvecdtr.obj
 0001:000072f2       ??_M@YGXPAXIHP6EX0@Z@Z     100082f2 f   MSVCRT:ehvecdtr.obj
 0001:00007352       ??_U@YAPAXI@Z              10008352 f   MSVCRT:MSVCR71.dll
 0001:00007358       ??_L@YGXPAXIHP6EX0@Z1@Z    10008358 f   MSVCRT:ehvecctr.obj
 0001:000073ba       __CRT_INIT@12              100083ba f   MSVCRT:crtdll.obj
 0001:00007478       __DllMainCRTStartup@12     10008478 f   MSVCRT:crtdll.obj
 0001:0000755c       ___security_init_cookie    1000855c f   MSVCRT:seccinit.obj
 0001:000075c2       ___security_error_handler  100085c2 f   MSVCRT:MSVCR71.dll
 0001:000075c8       ___dllonexit               100085c8 f   MSVCRT:MSVCR71.dll
 0001:000075ce       ??1type_info@@UAE@XZ       100085ce f   MSVCRT:MSVCR71.dll
 0001:000075d4       ?terminate@@YAXXZ          100085d4 f   MSVCRT:MSVCR71.dll
 0001:000075da       __initterm                 100085da f   MSVCRT:MSVCR71.dll
 0001:000075e0       __RTC_Initialize           100085e0 f   MSVCRT:initsect.obj
 0001:00007624       __RTC_Terminate            10008624 f   MSVCRT:initsect.obj
 0001:00007668       ___CppXcptFilter           10008668 f   MSVCRT:MSVCR71.dll
 0001:0000766e       ??_Gout_of_range@std@@UAEPAXI@Z 1000866e f i libcpmt:string.obj
 0001:0000766e       ??_Eout_of_range@std@@UAEPAXI@Z 1000866e f i libcpmt:string.obj
 0001:0000768a       ??1out_of_range@std@@UAE@XZ 1000868a f i libcpmt:string.obj
 0001:00007695       ?_Xran@_String_base@std@@QBEXXZ 10008695 f   libcpmt:string.obj
 0001:000076d5       ??0out_of_range@std@@QAE@ABV01@@Z 100086d5 f i libcpmt:string.obj
 0001:000076ed       ?_Xlen@_String_base@std@@QBEXXZ 100086ed f   libcpmt:string.obj
 0001:0000772d       ?RemoveAll@?$CSimpleArray@PAUHINSTANCE__@@V?$CSimpleArrayEqualHelper@PAUHINSTANCE__@@@ATL@@@ATL@@QAEXXZ 1000872d f i atls:atlbase.obj
 0001:0000774a       ??0_ATL_BASE_MODULE70@ATL@@QAE@XZ 1000874a f i atls:atlbase.obj
 0001:00007764       ??1CAtlBaseModule@ATL@@QAE@XZ 10008764 f   atls:atlbase.obj
 0001:0000777a       ??0CAtlBaseModule@ATL@@QAE@XZ 1000877a f   atls:atlbase.obj
 0001:00007825       ?Term@CAtlComModule@ATL@@QAEXXZ 10008825 f i atls:atlcommodule.obj
 0001:00007867       ??0CAtlComModule@ATL@@QAE@XZ 10008867 f i atls:atlcommodule.obj
 0001:000078a8       _memset                    100088a8 f   MSVCRT:MSVCR71.dll
 0002:00000000       __imp__AllocateAndInitializeSid@44 10009000     advapi32:ADVAPI32.dll
 0002:00000004       __imp__ReportEventA@36     10009004     advapi32:ADVAPI32.dll
 0002:00000008       __imp__RegisterEventSourceA@8 10009008     advapi32:ADVAPI32.dll
 0002:0000000c       __imp__RegEnumKeyExA@32    1000900c     advapi32:ADVAPI32.dll
 0002:00000010       __imp__RegQueryInfoKeyA@48 10009010     advapi32:ADVAPI32.dll
 0002:00000014       __imp__RegDeleteValueA@8   10009014     advapi32:ADVAPI32.dll
 0002:00000018       __imp__OpenThreadToken@16  10009018     advapi32:ADVAPI32.dll
 0002:0000001c       __imp__OpenProcessToken@12 1000901c     advapi32:ADVAPI32.dll
 0002:00000020       __imp__GetTokenInformation@20 10009020     advapi32:ADVAPI32.dll
 0002:00000024       __imp__DeregisterEventSource@4 10009024     advapi32:ADVAPI32.dll
 0002:00000028       __imp__EqualSid@8          10009028     advapi32:ADVAPI32.dll
 0002:0000002c       __imp__FreeSid@4           1000902c     advapi32:ADVAPI32.dll
 0002:00000030       __imp__RegOpenKeyExA@20    10009030     advapi32:ADVAPI32.dll
 0002:00000034       __imp__RegDeleteKeyA@8     10009034     advapi32:ADVAPI32.dll
 0002:00000038       __imp__RegCreateKeyExA@36  10009038     advapi32:ADVAPI32.dll
 0002:0000003c       __imp__RegSetValueExA@24   1000903c     advapi32:ADVAPI32.dll
 0002:00000040       __imp__RegCloseKey@4       10009040     advapi32:ADVAPI32.dll
 0002:00000044       \177ADVAPI32_NULL_THUNK_DATA 10009044     advapi32:ADVAPI32.dll
 0002:00000048       __imp__InterlockedDecrement@4 10009048     kernel32:KERNEL32.dll
 0002:0000004c       __imp__EnterCriticalSection@4 1000904c     kernel32:KERNEL32.dll
 0002:00000050       __imp__InterlockedIncrement@4 10009050     kernel32:KERNEL32.dll
 0002:00000054       __imp__GetSystemTimeAsFileTime@4 10009054     kernel32:KERNEL32.dll
 0002:00000058       __imp__GetCurrentProcessId@0 10009058     kernel32:KERNEL32.dll
 0002:0000005c       __imp__GetCurrentThreadId@0 1000905c     kernel32:KERNEL32.dll
 0002:00000060       __imp__GetTickCount@0      10009060     kernel32:KERNEL32.dll
 0002:00000064       __imp__QueryPerformanceCounter@4 10009064     kernel32:KERNEL32.dll
 0002:00000068       __imp__ExitProcess@4       10009068     kernel32:KERNEL32.dll
 0002:0000006c       __imp__lstrcatA@8          1000906c     kernel32:KERNEL32.dll
 0002:00000070       __imp__lstrcpyA@8          10009070     kernel32:KERNEL32.dll
 0002:00000074       __imp__DisableThreadLibraryCalls@4 10009074     kernel32:KERNEL32.dll
 0002:00000078       __imp__GetModuleHandleA@4  10009078     kernel32:KERNEL32.dll
 0002:0000007c       __imp__LoadLibraryExA@12   1000907c     kernel32:KERNEL32.dll
 0002:00000080       __imp__FindResourceA@12    10009080     kernel32:KERNEL32.dll
 0002:00000084       __imp__LoadResource@8      10009084     kernel32:KERNEL32.dll
 0002:00000088       __imp__SizeofResource@8    10009088     kernel32:KERNEL32.dll
 0002:0000008c       __imp__LeaveCriticalSection@4 1000908c     kernel32:KERNEL32.dll
 0002:00000090       __imp__lstrcpynA@12        10009090     kernel32:KERNEL32.dll
 0002:00000094       __imp__lstrcmpiA@8         10009094     kernel32:KERNEL32.dll
 0002:00000098       __imp__lstrlenA@4          10009098     kernel32:KERNEL32.dll
 0002:0000009c       __imp__DeleteCriticalSection@4 1000909c     kernel32:KERNEL32.dll
 0002:000000a0       __imp__InitializeCriticalSection@4 100090a0     kernel32:KERNEL32.dll
 0002:000000a4       __imp__RaiseException@16   100090a4     kernel32:KERNEL32.dll
 0002:000000a8       __imp__lstrlenW@4          100090a8     kernel32:KERNEL32.dll
 0002:000000ac       __imp__MultiByteToWideChar@24 100090ac     kernel32:KERNEL32.dll
 0002:000000b0       __imp__GetLocaleInfoA@16   100090b0     kernel32:KERNEL32.dll
 0002:000000b4       __imp__GetACP@0            100090b4     kernel32:KERNEL32.dll
 0002:000000b8       __imp__InterlockedExchange@8 100090b8     kernel32:KERNEL32.dll
 0002:000000bc       __imp__SetErrorMode@4      100090bc     kernel32:KERNEL32.dll
 0002:000000c0       __imp__GetVersionExA@4     100090c0     kernel32:KERNEL32.dll
 0002:000000c4       __imp__GetSystemInfo@4     100090c4     kernel32:KERNEL32.dll
 0002:000000c8       __imp__GetProcAddress@8    100090c8     kernel32:KERNEL32.dll
 0002:000000cc       __imp__FreeLibrary@4       100090cc     kernel32:KERNEL32.dll
 0002:000000d0       __imp__GetSystemDirectoryA@8 100090d0     kernel32:KERNEL32.dll
 0002:000000d4       __imp__LoadLibraryA@4      100090d4     kernel32:KERNEL32.dll
 0002:000000d8       __imp__GetCurrentThread@0  100090d8     kernel32:KERNEL32.dll
 0002:000000dc       __imp__GetCurrentProcess@0 100090dc     kernel32:KERNEL32.dll
 0002:000000e0       __imp__WideCharToMultiByte@32 100090e0     kernel32:KERNEL32.dll
 0002:000000e4       __imp__IsDBCSLeadByte@4    100090e4     kernel32:KERNEL32.dll
 0002:000000e8       __imp__CreateFileA@28      100090e8     kernel32:KERNEL32.dll
 0002:000000ec       __imp__GetLogicalDrives@0  100090ec     kernel32:KERNEL32.dll
 0002:000000f0       __imp__QueryDosDeviceA@12  100090f0     kernel32:KERNEL32.dll
 0002:000000f4       __imp__GetFullPathNameA@16 100090f4     kernel32:KERNEL32.dll
 0002:000000f8       __imp__GetLongPathNameA@12 100090f8     kernel32:KERNEL32.dll
 0002:000000fc       __imp__GetModuleFileNameA@12 100090fc     kernel32:KERNEL32.dll
 0002:00000100       __imp__GetThreadLocale@0   10009100     kernel32:KERNEL32.dll
 0002:00000104       __imp__WaitForSingleObject@8 10009104     kernel32:KERNEL32.dll
 0002:00000108       __imp__GetLastError@0      10009108     kernel32:KERNEL32.dll
 0002:0000010c       __imp__CloseHandle@4       1000910c     kernel32:KERNEL32.dll
 0002:00000110       \177KERNEL32_NULL_THUNK_DATA 10009110     kernel32:KERNEL32.dll
 0002:00000114       __imp___resetstkoflw       10009114     MSVCRT:MSVCR71.dll
 0002:00000118       __imp_??_V@YAXPAX@Z        10009118     MSVCRT:MSVCR71.dll
 0002:0000011c       __imp__realloc             1000911c     MSVCRT:MSVCR71.dll
 0002:00000120       __imp_??_U@YAPAXI@Z        10009120     MSVCRT:MSVCR71.dll
 0002:00000124       __imp__wcsncpy             10009124     MSVCRT:MSVCR71.dll
 0002:00000128       __imp____security_error_handler 10009128     MSVCRT:MSVCR71.dll
 0002:0000012c       __imp____dllonexit         1000912c     MSVCRT:MSVCR71.dll
 0002:00000130       __imp___onexit             10009130     MSVCRT:MSVCR71.dll
 0002:00000134       __imp_??1type_info@@UAE@XZ 10009134     MSVCRT:MSVCR71.dll
 0002:00000138       __imp_?terminate@@YAXXZ    10009138     MSVCRT:MSVCR71.dll
 0002:0000013c       __imp___initterm           1000913c     MSVCRT:MSVCR71.dll
 0002:00000140       __imp__memset              10009140     MSVCRT:MSVCR71.dll
 0002:00000144       __imp____CppXcptFilter     10009144     MSVCRT:MSVCR71.dll
 0002:00000148       __imp__free                10009148     MSVCRT:MSVCR71.dll
 0002:0000014c       __imp__malloc              1000914c     MSVCRT:MSVCR71.dll
 0002:00000150       __imp___snprintf           10009150     MSVCRT:MSVCR71.dll
 0002:00000154       __imp___strnicmp           10009154     MSVCRT:MSVCR71.dll
 0002:00000158       __imp__exit                10009158     MSVCRT:MSVCR71.dll
 0002:0000015c       __imp__fflush              1000915c     MSVCRT:MSVCR71.dll
 0002:00000160       __imp__fprintf             10009160     MSVCRT:MSVCR71.dll
 0002:00000164       __imp__time                10009164     MSVCRT:MSVCR71.dll
 0002:00000168       __imp__localtime           10009168     MSVCRT:MSVCR71.dll
 0002:0000016c       __imp__strftime            1000916c     MSVCRT:MSVCR71.dll
 0002:00000170       __imp__setlocale           10009170     MSVCRT:MSVCR71.dll
 0002:00000174       __imp__fclose              10009174     MSVCRT:MSVCR71.dll
 0002:00000178       __imp__fopen               10009178     MSVCRT:MSVCR71.dll
 0002:0000017c       __imp___vsnprintf          1000917c     MSVCRT:MSVCR71.dll
 0002:00000180       __imp_??0exception@@QAE@ABV0@@Z 10009180     MSVCRT:MSVCR71.dll
 0002:00000184       __imp_??0exception@@QAE@XZ 10009184     MSVCRT:MSVCR71.dll
 0002:00000188       __imp_??1exception@@UAE@XZ 10009188     MSVCRT:MSVCR71.dll
 0002:0000018c       __imp___beginthreadex      1000918c     MSVCRT:MSVCR71.dll
 0002:00000190       __imp___errno              10009190     MSVCRT:MSVCR71.dll
 0002:00000194       __imp__strerror            10009194     MSVCRT:MSVCR71.dll
 0002:00000198       __imp___purecall           10009198     MSVCRT:MSVCR71.dll
 0002:0000019c       __imp___except_handler3    1000919c     MSVCRT:MSVCR71.dll
 0002:000001a0       __imp___endthreadex        100091a0     MSVCRT:MSVCR71.dll
 0002:000001a4       __imp__fgets               100091a4     MSVCRT:MSVCR71.dll
 0002:000001a8       __imp__tolower             100091a8     MSVCRT:MSVCR71.dll
 0002:000001ac       __imp___CxxThrowException@8 100091ac     MSVCRT:MSVCR71.dll
 0002:000001b0       __imp____CxxFrameHandler   100091b0     MSVCRT:MSVCR71.dll
 0002:000001b4       __imp_??2@YAPAXI@Z         100091b4     MSVCRT:MSVCR71.dll
 0002:000001b8       __imp_??3@YAXPAX@Z         100091b8     MSVCRT:MSVCR71.dll
 0002:000001bc       __imp__memmove             100091bc     MSVCRT:MSVCR71.dll
 0002:000001c0       __imp__memchr              100091c0     MSVCRT:MSVCR71.dll
 0002:000001c4       __imp___iob                100091c4     MSVCRT:MSVCR71.dll
 0002:000001c8       __imp___adjust_fdiv        100091c8     MSVCRT:MSVCR71.dll
 0002:000001cc       \177MSVCR71_NULL_THUNK_DATA 100091cc     MSVCRT:MSVCR71.dll
 0002:000001d0       __imp__RegisterTypeLib@12  100091d0     oleaut32:OLEAUT32.dll
 0002:000001d4       __imp__UnRegisterTypeLib@20 100091d4     oleaut32:OLEAUT32.dll
 0002:000001d8       __imp__SysAllocString@4    100091d8     oleaut32:OLEAUT32.dll
 0002:000001dc       __imp__SysStringLen@4      100091dc     oleaut32:OLEAUT32.dll
 0002:000001e0       __imp__LoadTypeLib@8       100091e0     oleaut32:OLEAUT32.dll
 0002:000001e4       __imp__LoadRegTypeLib@20   100091e4     oleaut32:OLEAUT32.dll
 0002:000001e8       __imp__VarUI4FromStr@16    100091e8     oleaut32:OLEAUT32.dll
 0002:000001ec       __imp__SysFreeString@4     100091ec     oleaut32:OLEAUT32.dll
 0002:000001f0       \177OLEAUT32_NULL_THUNK_DATA 100091f0     oleaut32:OLEAUT32.dll
 0002:000001f4       __imp__PathFindExtensionA@4 100091f4     shlwapi:SHLWAPI.dll
 0002:000001f8       \177SHLWAPI_NULL_THUNK_DATA 100091f8     shlwapi:SHLWAPI.dll
 0002:000001fc       __imp__CharNextA@4         100091fc     user32:USER32.dll
 0002:00000200       \177USER32_NULL_THUNK_DATA 10009200     user32:USER32.dll
 0002:00000204       __imp__closesocket@4       10009204     ws2_32:WS2_32.dll
 0002:00000208       __imp__WSACloseEvent@4     10009208     ws2_32:WS2_32.dll
 0002:0000020c       __imp__WSACleanup@0        1000920c     ws2_32:WS2_32.dll
 0002:00000210       __imp__WSAGetLastError@0   10009210     ws2_32:WS2_32.dll
 0002:00000214       __imp__recv@16             10009214     ws2_32:WS2_32.dll
 0002:00000218       __imp__send@16             10009218     ws2_32:WS2_32.dll
 0002:0000021c       __imp__accept@12           1000921c     ws2_32:WS2_32.dll
 0002:00000220       __imp__htonl@4             10009220     ws2_32:WS2_32.dll
 0002:00000224       __imp__htons@4             10009224     ws2_32:WS2_32.dll
 0002:00000228       __imp__WSAEventSelect@12   10009228     ws2_32:WS2_32.dll
 0002:0000022c       __imp__select@20           1000922c     ws2_32:WS2_32.dll
 0002:00000230       __imp__getsockname@12      10009230     ws2_32:WS2_32.dll
 0002:00000234       __imp__connect@12          10009234     ws2_32:WS2_32.dll
 0002:00000238       __imp__listen@8            10009238     ws2_32:WS2_32.dll
 0002:0000023c       __imp__bind@12             1000923c     ws2_32:WS2_32.dll
 0002:00000240       __imp__socket@12           10009240     ws2_32:WS2_32.dll
 0002:00000244       __imp__WSASetEvent@4       10009244     ws2_32:WS2_32.dll
 0002:00000248       __imp__WSAWaitForMultipleEvents@20 10009248     ws2_32:WS2_32.dll
 0002:0000024c       __imp__WSAResetEvent@4     1000924c     ws2_32:WS2_32.dll
 0002:00000250       __imp__WSACreateEvent@0    10009250     ws2_32:WS2_32.dll
 0002:00000254       __imp__WSAStartup@8        10009254     ws2_32:WS2_32.dll
 0002:00000258       \177WS2_32_NULL_THUNK_DATA 10009258     ws2_32:WS2_32.dll
 0002:0000025c       __imp__CoTaskMemRealloc@8  1000925c     ole32:ole32.dll
 0002:00000260       __imp__StringFromGUID2@12  10009260     ole32:ole32.dll
 0002:00000264       __imp__CoCreateInstance@20 10009264     ole32:ole32.dll
 0002:00000268       __imp__CoTaskMemFree@4     10009268     ole32:ole32.dll
 0002:0000026c       __imp__CoTaskMemAlloc@4    1000926c     ole32:ole32.dll
 0002:00000270       \177ole32_NULL_THUNK_DATA  10009270     ole32:ole32.dll
 0002:0000029c       _IID_IJQSIEStartDetectorImpl 1000929c     jqsiestartdetector_i.obj
 0002:000002ac       _LIBID_JQSIEStartDetectorLib 100092ac     jqsiestartdetector_i.obj
 0002:000002bc       _CLSID_JQSIEStartDetectorImpl 100092bc     jqsiestartdetector_i.obj
 0002:00000374       ??_7Thread@@6B@            10009374     thread.obj
 0002:00000568       ??_7SocketEvent@@6B@       10009568     sockets.obj
 0002:0000056c       ??_7Socket@@6B@            1000956c     sockets.obj
 0002:00000570       ??_C@_0BD@OLBABOEK@vector?$DMT?$DO?5too?5long?$AA@ 10009570     sockets.obj
 0002:00000584       ??_C@_0BE@IKLCAJAA@operation?5timed?5out?$AA@ 10009584     sockets.obj
 0002:00000598       ??_7Connection@@6B@        10009598     sockets.obj
 0002:0000059c       ??_7ServerSocket@@6B@      1000959c     sockets.obj
 0002:00000b44       ??_C@_0CH@IJOKAFCK@Error?5closing?5registry?5key?4?5Erro@ 10009b44     print.obj
 0002:00001bac       ??_C@_0CC@EPNBFAHE@Error?5closing?5handle?5?$CIerror?5?$CFd?$CJ?4@ 1000abac     os_utils.obj
 0002:00001bd0       __real@4059000000000000    1000abd0     os_utils.obj
 0002:00002314       __GUID_e7e6f031_17ce_4c07_bc86_eabfe594f69c 1000b314     jqsiestartdetectorimpl.obj
 0002:00002324       ?rgszNeverDelete@CRegParser@ATL@@1QBQBDB 1000b324     jqsiestartdetectorimpl.obj
 0002:0000243c       _CLSID_StdGlobalInterfaceTable 1000b43c     jqsiestartdetectorimpl.obj
 0002:0000246c       ??_C@_0BE@NLNNHLLF@HKEY_CURRENT_CONFIG?$AA@ 1000b46c     jqsiestartdetectorimpl.obj
 0002:00002480       ??_C@_0O@MJDLIIGK@HKEY_DYN_DATA?$AA@ 1000b480     jqsiestartdetectorimpl.obj
 0002:00002490       ??_C@_0BG@IDBEHNDO@HKEY_PERFORMANCE_DATA?$AA@ 1000b490     jqsiestartdetectorimpl.obj
 0002:000024a8       ??_C@_0L@OEMMANAM@HKEY_USERS?$AA@ 1000b4a8     jqsiestartdetectorimpl.obj
 0002:000024b4       ??_C@_0BD@GIIFIKDM@HKEY_LOCAL_MACHINE?$AA@ 1000b4b4     jqsiestartdetectorimpl.obj
 0002:000024c8       ??_C@_0BC@GMMMKLBI@HKEY_CURRENT_USER?$AA@ 1000b4c8     jqsiestartdetectorimpl.obj
 0002:000024dc       ??_C@_0BC@JBJOLKMF@HKEY_CLASSES_ROOT?$AA@ 1000b4dc     jqsiestartdetectorimpl.obj
 0002:000024f0       ??_C@_04LEMDOLAJ@HKCC?$AA@ 1000b4f0     jqsiestartdetectorimpl.obj
 0002:000024f8       ??_C@_04POMNGLEL@HKDD?$AA@ 1000b4f8     jqsiestartdetectorimpl.obj
 0002:00002500       ??_C@_04OFOCGAOH@HKPD?$AA@ 1000b500     jqsiestartdetectorimpl.obj
 0002:00002508       ??_C@_03DLBIJLAB@HKU?$AA@  1000b508     jqsiestartdetectorimpl.obj
 0002:0000250c       ??_C@_04CBBMIBLK@HKLM?$AA@ 1000b50c     jqsiestartdetectorimpl.obj
 0002:00002514       ??_C@_04KIFLFONO@HKCU?$AA@ 1000b514     jqsiestartdetectorimpl.obj
 0002:0000251c       ??_C@_04OHBKMIBJ@HKCR?$AA@ 1000b51c     jqsiestartdetectorimpl.obj
 0002:00002528       ?map@?2??HKeyFromString@CRegParser@ATL@@KAPAUHKEY__@@PAD@Z@4QBUkeymap@23@B 1000b528     jqsiestartdetectorimpl.obj
 0002:00002598       ??_7CComClassFactory@ATL@@6B@ 1000b598     jqsiestartdetectorimpl.obj
 0002:000025b0       ??_7CRegObject@ATL@@6B@    1000b5b0     jqsiestartdetectorimpl.obj
 0002:000025c8       ??_7?$CComObjectNoLock@VCComClassFactory@ATL@@@ATL@@6B@ 1000b5c8     jqsiestartdetectorimpl.obj
 0002:000025e0       __GUID_00000001_0000_0000_c000_000000000046 1000b5e0     jqsiestartdetectorimpl.obj
 0002:000025f0       ?_entries@?1??_GetEntries@CComClassFactory@ATL@@SGPBU_ATL_INTMAP_ENTRY@3@XZ@4QBU43@B 1000b5f0     jqsiestartdetectorimpl.obj
 0002:00002608       ??_7?$CComObject@VCJQSIEStartDetectorImpl@@@ATL@@6B?$IDispatchImpl@UIJQSIEStartDetectorImpl@@$1?IID_IJQSIEStartDetectorImpl@@3U_GUID@@B$1?LIBID_JQSIEStartDetectorLib@@3U3@B$00$0A@VCComTypeInfoHolder@ATL@@@1@@ 1000b608     jqsiestartdetectorimpl.obj
 0002:00002624       ??_7?$CComObject@VCJQSIEStartDetectorImpl@@@ATL@@6B?$IObjectWithSiteImpl@VCJQSIEStartDetectorImpl@@@1@@ 1000b624     jqsiestartdetectorimpl.obj
 0002:0000263c       __GUID_fc4801a3_2ba9_11cf_a229_00aa003d7352 1000b63c     jqsiestartdetectorimpl.obj
 0002:0000264c       __GUID_00020400_0000_0000_c000_000000000046 1000b64c     jqsiestartdetectorimpl.obj
 0002:0000265c       __GUID_ad5fb04f_5a8d_44d4_8206_6a8734186ea2 1000b65c     jqsiestartdetectorimpl.obj
 0002:0000266c       ?_entries@?1??_GetEntries@CJQSIEStartDetectorImpl@@SGPBU_ATL_INTMAP_ENTRY@ATL@@XZ@4QBU34@B 1000b66c     jqsiestartdetectorimpl.obj
 0002:0000269c       __GUID_00020412_0000_0000_c000_000000000046 1000b69c     jqsiestartdetectorimpl.obj
 0002:000026ac       __GUID_00020401_0000_0000_c000_000000000046 1000b6ac     jqsiestartdetectorimpl.obj
 0002:000026bc       ??_C@_1BC@KAILKFFG@?$AAR?$AAE?$AAG?$AAI?$AAS?$AAT?$AAR?$AAY?$AA?$AA@ 1000b6bc     jqsiestartdetectorimpl.obj
 0002:000026d0       ??_C@_1BG@JBACFMF@?$AAM?$AAo?$AAd?$AAu?$AAl?$AAe?$AA_?$AAR?$AAa?$AAw?$AA?$AA@ 1000b6d0     jqsiestartdetectorimpl.obj
 0002:000026e8       ??_C@_1O@MNLDABAF@?$AAM?$AAo?$AAd?$AAu?$AAl?$AAe?$AA?$AA@ 1000b6e8     jqsiestartdetectorimpl.obj
 0002:000027d0       ??_C@_1EO@MLPNFDNL@?$AA?$HL?$AAE?$AA3?$AA1?$AA1?$AAB?$AAF?$AAF?$AA9?$AA?9?$AA7?$AA2?$AA8?$AA0?$AA?9?$AA4?$AA0?$AAD?$AA3?$AA?9@ 1000b7d0     jqsiestartdetector.obj
 0002:00002820       ??_C@_04LFHHJFCN@?4tlb?$AA@ 1000b820     jqsiestartdetector.obj
 0002:00002828       ??_C@_0BI@LFOHFLDB@?2Implemented?5Categories?$AA@ 1000b828     jqsiestartdetector.obj
 0002:00002840       ??_C@_0BF@CCIMKLEB@?2Required?5Categories?$AA@ 1000b840     jqsiestartdetector.obj
 0002:00002858       ??_C@_06JHNIBAJK@CLSID?2?$AA@ 1000b858     jqsiestartdetector.obj
 0002:00002860       __GUID_0002e012_0000_0000_c000_000000000046 1000b860     jqsiestartdetector.obj
 0002:00002870       __GUID_00000000_0000_0000_c000_000000000046 1000b870     jqsiestartdetector.obj
 0002:00002880       ??_7CJQSIEStartDetectorModule@@6B@ 1000b880     jqsiestartdetector.obj
 0002:00002898       __GUID_00000146_0000_0000_c000_000000000046 1000b898     jqsiestartdetector.obj
 0002:000028a8       ??_C@_1M@PPPPCDEP@?$AAA?$AAP?$AAP?$AAI?$AAD?$AA?$AA@ 1000b8a8     jqsiestartdetector.obj
 0002:00002974       _CLSID_StdComponentCategoriesMgr 1000b974     uuid:ieguids.obj
 0002:00002984       _GUID_NULL                 1000b984     uuid:cguid_i.obj
 0002:000029a8       ??_7type_info@@6B@         1000b9a8     MSVCRT:ti_inst.obj
 0002:00002a10       ??_7logic_error@std@@6B@   1000ba10     libcpmt:string.obj
 0002:00002a1c       ??_7length_error@std@@6B@  1000ba1c     libcpmt:string.obj
 0002:00002a28       ??_7out_of_range@std@@6B@  1000ba28     libcpmt:string.obj
 0002:00002a30       ??_C@_0BI@CFPLBAOH@invalid?5string?5position?$AA@ 1000ba30     libcpmt:string.obj
 0002:00002a48       ??_C@_0BA@JFNIOLAK@string?5too?5long?$AA@ 1000ba48     libcpmt:string.obj
 0002:00002a58       _GUID_ATLVer30             1000ba58     atls:atlbase.obj
 0002:00002a68       _GUID_ATLVer70             1000ba68     atls:atlbase.obj
 0002:00002a78       __load_config_used         1000ba78     MSVCRT:loadcfg.obj
 0002:00002b2c       ??_R1A@?0A@A@type_info@@8  1000bb2c     MSVCRT:ti_inst.obj
 0002:00002b44       ??_R2type_info@@8          1000bb44     MSVCRT:ti_inst.obj
 0002:00002b4c       ??_R3type_info@@8          1000bb4c     MSVCRT:ti_inst.obj
 0002:00002b5c       ??_R4type_info@@6B@        1000bb5c     MSVCRT:ti_inst.obj
 0002:00002b70       ??_R1A@?0A@A@exception@@8  1000bb70     libcpmt:string.obj
 0002:00002b88       ??_R1A@?0A@A@logic_error@std@@8 1000bb88     libcpmt:string.obj
 0002:00002ba0       ??_R2logic_error@std@@8    1000bba0     libcpmt:string.obj
 0002:00002bac       ??_R3logic_error@std@@8    1000bbac     libcpmt:string.obj
 0002:00002bbc       ??_R4logic_error@std@@6B@  1000bbbc     libcpmt:string.obj
 0002:00002bd0       ??_R1A@?0A@A@length_error@std@@8 1000bbd0     libcpmt:string.obj
 0002:00002be8       ??_R2length_error@std@@8   1000bbe8     libcpmt:string.obj
 0002:00002bf8       ??_R3length_error@std@@8   1000bbf8     libcpmt:string.obj
 0002:00002c08       ??_R4length_error@std@@6B@ 1000bc08     libcpmt:string.obj
 0002:00002c1c       ??_R1A@?0A@A@out_of_range@std@@8 1000bc1c     libcpmt:string.obj
 0002:00002c34       ??_R2out_of_range@std@@8   1000bc34     libcpmt:string.obj
 0002:00002c44       ??_R3out_of_range@std@@8   1000bc44     libcpmt:string.obj
 0002:00002c54       ??_R4out_of_range@std@@6B@ 1000bc54     libcpmt:string.obj
 0002:00002c70       ___safe_se_handler_table   1000bc70     <linker-defined>
 0002:00002d18       ___rtc_iaa                 1000bd18     MSVCRT:initsect.obj
 0002:00002d1c       ___rtc_izz                 1000bd1c     MSVCRT:initsect.obj
 0002:00002d20       ___rtc_taa                 1000bd20     MSVCRT:initsect.obj
 0002:00002d24       ___rtc_tzz                 1000bd24     MSVCRT:initsect.obj
 0002:00002df4       __CT??_R0?AVexception@@@8??0exception@@QAE@ABV0@@Z12 1000bdf4     sockets.obj
 0002:00002e10       __CT??_R0?AVlogic_error@std@@@8??0logic_error@std@@QAE@ABV01@@Z40 1000be10     sockets.obj
 0002:00002e2c       __CT??_R0?AVlength_error@std@@@8??0length_error@std@@QAE@ABV01@@Z40 1000be2c     sockets.obj
 0002:00002e48       __CTA3?AVlength_error@std@@ 1000be48     sockets.obj
 0002:00002e58       __TI3?AVlength_error@std@@ 1000be58     sockets.obj
 0002:00002f34       __CT??_R0?AVSocketException@@@8??0SocketException@@QAE@ABV0@@Z32 1000bf34     sockets.obj
 0002:00002f50       __CTA1?AVSocketException@@ 1000bf50     sockets.obj
 0002:00002f58       __TI1?AVSocketException@@  1000bf58     sockets.obj
 0002:00002f68       __CT??_R0?AVTimeoutException@@@8??0TimeoutException@@QAE@ABV0@@Z32 1000bf68     sockets.obj
 0002:00002f84       __CTA2?AVTimeoutException@@ 1000bf84     sockets.obj
 0002:00002f90       __TI2?AVTimeoutException@@ 1000bf90     sockets.obj
 0002:0000309c       __CT??_R0?AVAddressAlreadyInUseException@@@8??0AddressAlreadyInUseException@@QAE@ABV0@@Z32 1000c09c     sockets.obj
 0002:000030b8       __CTA2?AVAddressAlreadyInUseException@@ 1000c0b8     sockets.obj
 0002:000030c4       __TI2?AVAddressAlreadyInUseException@@ 1000c0c4     sockets.obj
 0002:000030d4       __CT??_R0?AVConnectionRefusedException@@@8??0ConnectionRefusedException@@QAE@ABV0@@Z32 1000c0d4     sockets.obj
 0002:000030f0       __CTA2?AVConnectionRefusedException@@ 1000c0f0     sockets.obj
 0002:000030fc       __TI2?AVConnectionRefusedException@@ 1000c0fc     sockets.obj
 0002:0000310c       __CT??_R0?AVInterruptedException@@@8??0InterruptedException@@QAE@ABV0@@Z32 1000c10c     sockets.obj
 0002:00003128       __CTA2?AVInterruptedException@@ 1000c128     sockets.obj
 0002:00003134       __TI2?AVInterruptedException@@ 1000c134     sockets.obj
 0002:00003144       __CT??_R0?AVSocketClosedException@@@8??0SocketClosedException@@QAE@ABV0@@Z32 1000c144     sockets.obj
 0002:00003160       __CTA2?AVSocketClosedException@@ 1000c160     sockets.obj
 0002:0000316c       __TI2?AVSocketClosedException@@ 1000c16c     sockets.obj
 0002:000033d0       __CT??_R0?AVCAtlException@ATL@@@84 1000c3d0     jqsiestartdetectorimpl.obj
 0002:000033ec       __CTA1?AVCAtlException@ATL@@ 1000c3ec     jqsiestartdetectorimpl.obj
 0002:000033f4       __TI1?AVCAtlException@ATL@@ 1000c3f4     jqsiestartdetectorimpl.obj
 0002:00003860       __CT??_R0?AVout_of_range@std@@@8??0out_of_range@std@@QAE@ABV01@@Z40 1000c860     libcpmt:string.obj
 0002:0000387c       __CTA3?AVout_of_range@std@@ 1000c87c     libcpmt:string.obj
 0002:0000388c       __TI3?AVout_of_range@std@@ 1000c88c     libcpmt:string.obj
 0002:000038e4       ___pobjMapEntryFirst       1000c8e4     jqsiestartdetectorimpl.obj
 0002:000038e8       ___pobjMap_CJQSIEStartDetectorImpl 1000c8e8     jqsiestartdetectorimpl.obj
 0002:000038ec       ___pobjMapEntryLast        1000c8ec     jqsiestartdetectorimpl.obj
 0002:000038f0       __IMPORT_DESCRIPTOR_WS2_32 1000c8f0     ws2_32:WS2_32.dll
 0002:00003904       __IMPORT_DESCRIPTOR_ole32  1000c904     ole32:ole32.dll
 0002:00003918       __IMPORT_DESCRIPTOR_OLEAUT32 1000c918     oleaut32:OLEAUT32.dll
 0002:0000392c       __IMPORT_DESCRIPTOR_MSVCR71 1000c92c     MSVCRT:MSVCR71.dll
 0002:00003940       __IMPORT_DESCRIPTOR_KERNEL32 1000c940     kernel32:KERNEL32.dll
 0002:00003954       __IMPORT_DESCRIPTOR_USER32 1000c954     user32:USER32.dll
 0002:00003968       __IMPORT_DESCRIPTOR_ADVAPI32 1000c968     advapi32:ADVAPI32.dll
 0002:0000397c       __IMPORT_DESCRIPTOR_SHLWAPI 1000c97c     shlwapi:SHLWAPI.dll
 0002:00003990       __NULL_IMPORT_DESCRIPTOR   1000c990     ws2_32:WS2_32.dll
 0003:00000000       ___xc_a                    1000e000     MSVCRT:cinitexe.obj
 0003:00000020       ___xc_z                    1000e020     MSVCRT:cinitexe.obj
 0003:00000024       ___xi_a                    1000e024     MSVCRT:cinitexe.obj
 0003:00000028       ___xi_z                    1000e028     MSVCRT:cinitexe.obj
 0003:00000030       ?interval@@3IA             1000e030     utils.obj
 0003:00000034       ?memoryLimit@@3IA          1000e034     utils.obj
 0003:00000038       ?bootThresholds@@3UPerfCountersThreshold@@A 1000e038     utils.obj
 0003:00000048       ?refreshThresholds@@3UPerfCountersThreshold@@A 1000e048     utils.obj
 0003:00000058       ?configFileName@@3V?$basic_string@DU?$char_traits@D@std@@V?$allocator@D@2@@std@@A 1000e058     utils.obj
 0003:00000074       ?profileFileName@@3V?$basic_string@DU?$char_traits@D@std@@V?$allocator@D@2@@std@@A 1000e074     utils.obj
 0003:00000090       ?logFileName@@3V?$basic_string@DU?$char_traits@D@std@@V?$allocator@D@2@@std@@A 1000e090     utils.obj
 0003:000000ac       ??_R0?AVexception@@@8      1000e0ac     sockets.obj
 0003:000000c4       ??_R0?AVlogic_error@std@@@8 1000e0c4     sockets.obj
 0003:000000e4       ??_R0?AVlength_error@std@@@8 1000e0e4     sockets.obj
 0003:00000104       ??_R0?AVSocketException@@@8 1000e104     sockets.obj
 0003:00000124       ??_R0?AVTimeoutException@@@8 1000e124     sockets.obj
 0003:00000144       ??_R0?AVAddressAlreadyInUseException@@@8 1000e144     sockets.obj
 0003:00000170       ??_R0?AVConnectionRefusedException@@@8 1000e170     sockets.obj
 0003:0000019c       ??_R0?AVInterruptedException@@@8 1000e19c     sockets.obj
 0003:000001c0       ??_R0?AVSocketClosedException@@@8 1000e1c0     sockets.obj
 0003:00000844       ?MonitoredPerformanceCounters@@3PAU_PDH_COUNTER_PATH_ELEMENTS_A@@A 1000e844     os_utils.obj
 0003:00000874       ?exe_extensions@@3PAPBDA   1000e874     os_utils.obj
 0003:00000880       ?__objMap_CJQSIEStartDetectorImpl@@3U_ATL_OBJMAP_ENTRY30@ATL@@A 1000e880     jqsiestartdetectorimpl.obj
 0003:000008a4       ?g_pfnGetThreadACP@ATL@@3P6GIXZA 1000e8a4     jqsiestartdetectorimpl.obj
 0003:000008a8       ??_R0?AVCAtlException@ATL@@@8 1000e8a8     jqsiestartdetectorimpl.obj
 0003:000008c8       ?_tih@?$IDispatchImpl@UIJQSIEStartDetectorImpl@@$1?IID_IJQSIEStartDetectorImpl@@3U_GUID@@B$1?LIBID_JQSIEStartDetectorLib@@3U3@B$00$0A@VCComTypeInfoHolder@ATL@@@ATL@@1VCComTypeInfoHolder@2@A 1000e8c8     jqsiestartdetectorimpl.obj
 0003:000008f0       ___security_cookie         1000e8f0     MSVCRT:seccook.obj
 0003:000008f4       ??_R0?AVtype_info@@@8      1000e8f4     MSVCRT:ti_inst.obj
 0003:00000910       ??_R0?AVout_of_range@std@@@8 1000e910     libcpmt:string.obj
 0003:00000930       ?id@?$numpunct@D@std@@2V0locale@2@A 1000e930     utils.obj
 0003:00000934       ?id@?$num_put@DV?$ostreambuf_iterator@DU?$char_traits@D@std@@@std@@@std@@2V0locale@2@A 1000e934     utils.obj
 0003:00000938       ?verbose@@3IA              1000e938     print.obj
 0003:0000093c       ?service_mode@@3_NA        1000e93c     print.obj
 0003:00000948       ?SystemInfo@@3U_SYSTEM_INFO@@A 1000e948     os_layer.obj
 0003:00000970       ?OSVersion@@3U_OSVERSIONINFOA@@A 1000e970     os_layer.obj
 0003:00000a04       ?_SetDllDirectory@@3P6GHPBD@ZA 1000ea04     os_layer.obj
 0003:00000a08       ?_GlobalMemoryStatusEx@@3P6GHPAU_MEMORYSTATUSEX@@@ZA 1000ea08     os_layer.obj
 0003:00000a0c       ?_QueryMemoryResourceNotification@@3P6GHPAXPAH@ZA 1000ea0c     os_layer.obj
 0003:00000a10       ?_CreateMemoryResourceNotification@@3P6GPAXW4_MEMORY_RESOURCE_NOTIFICATION_TYPE@@@ZA 1000ea10     os_layer.obj
 0003:00000a14       ?_GetNativeSystemInfo@@3P6GHPAU_SYSTEM_INFO@@@ZA 1000ea14     os_layer.obj
 0003:00000a18       ?_IsWow64Process@@3P6GHPAXPAH@ZA 1000ea18     os_layer.obj
 0003:00000a1c       ?_SetProcessWorkingSetSize@@3P6GHPAXKK@ZA 1000ea1c     os_layer.obj
 0003:00000a20       ?_GetProcessWorkingSetSize@@3P6GHPAXPAK1@ZA 1000ea20     os_layer.obj
 0003:00000a24       ?_GetLargePageMinimum@@3P6GKXZA 1000ea24     os_layer.obj
 0003:00000a28       ?_AdjustTokenPrivileges@@3P6GHPAXHPAU_TOKEN_PRIVILEGES@@K1PAK@ZA 1000ea28     os_layer.obj
 0003:00000a2c       ?_OpenProcessToken@@3P6GHPAXKPAPAX@ZA 1000ea2c     os_layer.obj
 0003:00000a30       ?_LookupPrivilegeValue@@3P6GHPBD0PAU_LUID@@@ZA 1000ea30     os_layer.obj
 0003:00000a34       ?_ChangeServiceConfig2@@3P6GHPAUSC_HANDLE__@@KPAX@ZA 1000ea34     os_layer.obj
 0003:00000a38       ?_SetFilePointerEx@@3P6GHPAXT_LARGE_INTEGER@@PAT1@K@ZA 1000ea38     os_layer.obj
 0003:00000a3c       ?_GetDevicePowerState@@3P6GHPAXPAH@ZA 1000ea3c     os_layer.obj
 0003:00000a40       ?_GetModuleInformation@@3P6GHPAXPAUHINSTANCE__@@PAU_MODULEINFO@@K@ZA 1000ea40     os_layer.obj
 0003:00000a44       ?_GetMappedFileName@@3P6GKPAX0PADK@ZA 1000ea44     os_layer.obj
 0003:00000a48       ?_QueryWorkingSet@@3P6GHPAX0K@ZA 1000ea48     os_layer.obj
 0003:00000a4c       ?_RegisterServiceCtrlHandlerEx@@3P6GPAUSERVICE_STATUS_HANDLE__@@PBDP6GKKKPAX1@Z1@ZA 1000ea4c     os_layer.obj
 0003:00000a50       ?_RegisterDeviceNotification@@3P6GPAXPAX0K@ZA 1000ea50     os_layer.obj
 0003:00000a54       ?_UnregisterDeviceNotification@@3P6GHPAX@ZA 1000ea54     os_layer.obj
 0003:00000a58       ?_GetSystemPowerStatus@@3P6GHPAU_SYSTEM_POWER_STATUS@@@ZA 1000ea58     os_layer.obj
 0003:00000a5c       ?_EnumProcessModules@@3P6GHPAXPAPAUHINSTANCE__@@KPAK@ZA 1000ea5c     os_layer.obj
 0003:00000a60       ?_PdhOpenQuery@@3P6GJPBDKPAPAX@ZA 1000ea60     os_layer.obj
 0003:00000a64       ?_PdhAddCounter@@3P6GJPAXPBDKPAPAX@ZA 1000ea64     os_layer.obj
 0003:00000a68       ?_PdhRemoveCounter@@3P6GJPAX@ZA 1000ea68     os_layer.obj
 0003:00000a6c       ?_PdhCollectQueryData@@3P6GJPAX@ZA 1000ea6c     os_layer.obj
 0003:00000a70       ?_PdhCloseQuery@@3P6GJPAX@ZA 1000ea70     os_layer.obj
 0003:00000a74       ?_PdhGetFormattedCounterValue@@3P6GJPAXKPAKPAU_PDH_FMT_COUNTERVALUE@@@ZA 1000ea74     os_layer.obj
 0003:00000a78       ?_PdhMakeCounterPath@@3P6GJPAU_PDH_COUNTER_PATH_ELEMENTS_A@@PADPAKK@ZA 1000ea78     os_layer.obj
 0003:00000a7c       ?CurProcessHandle@@3PAXA   1000ea7c     os_layer.obj
 0003:00000a94       ?m_libid@CAtlModule@ATL@@2U_GUID@@A 1000ea94     jqsiestartdetectorimpl.obj
 0003:00000aa4       ?_pAtlModule@ATL@@3PAVCAtlModule@1@A 1000eaa4     jqsiestartdetectorimpl.obj
 0003:00000aa8       ?_pPerfUnRegFunc@ATL@@3P6AJXZA 1000eaa8     jqsiestartdetectorimpl.obj
 0003:00000aac       ?_pPerfRegFunc@ATL@@3P6AJPAUHINSTANCE__@@@ZA 1000eaac     jqsiestartdetectorimpl.obj
 0003:00000ab0       ?m_bInitFailed@CAtlBaseModule@ATL@@2_NA 1000eab0     jqsiestartdetectorimpl.obj
 0003:00000ab4       ?map@?2??VTFromRegType@CRegParser@ATL@@KAHPBDAAG@Z@4QBUtypemap@23@B 1000eab4     jqsiestartdetectorimpl.obj
 0003:00000ad4       ?$S4@?2??VTFromRegType@CRegParser@ATL@@KAHPBDAAG@Z@4IA 1000ead4     jqsiestartdetectorimpl.obj
 0003:00000ad8       ?_AtlModule@@3VCJQSIEStartDetectorModule@@A 1000ead8     jqsiestartdetector.obj
 0003:00000b08       ?_AtlBaseModule@ATL@@3VCAtlBaseModule@1@A 1000eb08     atls:atlbase.obj
 0003:00000b44       ?_AtlComModule@ATL@@3VCAtlComModule@1@A 1000eb44     atls:atlcommodule.obj
 0003:00000b6c       __adjust_fdiv              1000eb6c     <common>
 0003:00000b70       __pRawDllMain              1000eb70     <common>
 0003:00000b74       ___onexitend               1000eb74     <common>
 0003:00000b78       ___onexitbegin             1000eb78     <common>

 entry point at        0001:00007478

 Static symbols

 0001:00000418       $L73561                    10001418 f i utils.obj
 0001:0000048c       $L73563                    1000148c f i utils.obj
 0001:0000095f       ?_thread_body@@YGIPAX@Z    1000195f f   thread.obj
 0001:000016a1       $L72744                    100026a1 f i sockets.obj
 0001:000016aa       $L72746                    100026aa f i sockets.obj
 0001:000018d6       ?reportEvent@@YAXW4MessageKind@@PBD@Z 100028d6 f   print.obj
 0001:00001a16       ?print@@YAXW4MessageKind@@PBD@Z 10002a16 f   print.obj
 0001:00003061       ??$InitFunc@P6GHPBD@Z@@YAXAAP6GHPBD@ZPAUHINSTANCE__@@0@Z 10004061 f   os_layer.obj
 0001:0000308a       ??$InitFunc@P6GHPAU_MEMORYSTATUSEX@@@Z@@YAXAAP6GHPAU_MEMORYSTATUSEX@@@ZPAUHINSTANCE__@@PBD@Z 1000408a f   os_layer.obj
 0001:000030b3       ??$InitFunc@P6GHPAXPAH@Z@@YAXAAP6GHPAXPAH@ZPAUHINSTANCE__@@PBD@Z 100040b3 f   os_layer.obj
 0001:000030dc       ??$InitFunc@P6GPAXW4_MEMORY_RESOURCE_NOTIFICATION_TYPE@@@Z@@YAXAAP6GPAXW4_MEMORY_RESOURCE_NOTIFICATION_TYPE@@@ZPAUHINSTANCE__@@PBD@Z 100040dc f   os_layer.obj
 0001:00003105       ??$InitFunc@P6GHPAU_SYSTEM_INFO@@@Z@@YAXAAP6GHPAU_SYSTEM_INFO@@@ZPAUHINSTANCE__@@PBD@Z 10004105 f   os_layer.obj
 0001:0000312e       ??$InitFunc@P6GHPAXKK@Z@@YAXAAP6GHPAXKK@ZPAUHINSTANCE__@@PBD@Z 1000412e f   os_layer.obj
 0001:00003157       ??$InitFunc@P6GHPAXPAK1@Z@@YAXAAP6GHPAXPAK1@ZPAUHINSTANCE__@@PBD@Z 10004157 f   os_layer.obj
 0001:00003180       ??$InitFunc@P6GKXZ@@YAXAAP6GKXZPAUHINSTANCE__@@PBD@Z 10004180 f   os_layer.obj
 0001:000031a9       ??$InitFunc@P6GHPAU_SYSTEM_POWER_STATUS@@@Z@@YAXAAP6GHPAU_SYSTEM_POWER_STATUS@@@ZPAUHINSTANCE__@@PBD@Z 100041a9 f   os_layer.obj
 0001:000031d2       ??$InitFunc@P6GHPAXT_LARGE_INTEGER@@PAT1@K@Z@@YAXAAP6GHPAXT_LARGE_INTEGER@@PAT0@K@ZPAUHINSTANCE__@@PBD@Z 100041d2 f   os_layer.obj
 0001:000031fb       ??$InitFunc@P6GHPAXHPAU_TOKEN_PRIVILEGES@@K1PAK@Z@@YAXAAP6GHPAXHPAU_TOKEN_PRIVILEGES@@K1PAK@ZPAUHINSTANCE__@@PBD@Z 100041fb f   os_layer.obj
 0001:00003224       ??$InitFunc@P6GHPAXKPAPAX@Z@@YAXAAP6GHPAXKPAPAX@ZPAUHINSTANCE__@@PBD@Z 10004224 f   os_layer.obj
 0001:0000324d       ??$InitFunc@P6GHPBD0PAU_LUID@@@Z@@YAXAAP6GHPBD0PAU_LUID@@@ZPAUHINSTANCE__@@0@Z 1000424d f   os_layer.obj
 0001:00003276       ??$InitFunc@P6GHPAUSC_HANDLE__@@KPAX@Z@@YAXAAP6GHPAUSC_HANDLE__@@KPAX@ZPAUHINSTANCE__@@PBD@Z 10004276 f   os_layer.obj
 0001:0000329f       ??$InitFunc@P6GPAUSERVICE_STATUS_HANDLE__@@PBDP6GKKKPAX1@Z1@Z@@YAXAAP6GPAUSERVICE_STATUS_HANDLE__@@PBDP6GKKKPAX1@Z1@ZPAUHINSTANCE__@@0@Z 1000429f f   os_layer.obj
 0001:000032c8       ??$InitFunc@P6GPAXPAX0K@Z@@YAXAAP6GPAXPAX0K@ZPAUHINSTANCE__@@PBD@Z 100042c8 f   os_layer.obj
 0001:000032f1       ??$InitFunc@P6GHPAX@Z@@YAXAAP6GHPAX@ZPAUHINSTANCE__@@PBD@Z 100042f1 f   os_layer.obj
 0001:0000331a       ??$InitFunc@P6GHPAXPAUHINSTANCE__@@PAU_MODULEINFO@@K@Z@@YAXAAP6GHPAXPAUHINSTANCE__@@PAU_MODULEINFO@@K@Z1PBD@Z 1000431a f   os_layer.obj
 0001:00003343       ??$InitFunc@P6GKPAX0PADK@Z@@YAXAAP6GKPAX0PADK@ZPAUHINSTANCE__@@PBD@Z 10004343 f   os_layer.obj
 0001:0000336c       ??$InitFunc@P6GHPAX0K@Z@@YAXAAP6GHPAX0K@ZPAUHINSTANCE__@@PBD@Z 1000436c f   os_layer.obj
[...]
   231 0001:00001994   230 0001:00001994   232 0001:000019a1   233 0001:000019ac
   234 0001:000019b3   236 0001:000019bc   237 0001:000019c6   238 0001:000019e2
   239 0001:000019ed   240 0001:000019f3   243 0001:00001a15   248 0001:00001a16
   252 0001:00001a24   264 0001:00001a3e   265 0001:00001a45   260 0001:00001a47
   261 0001:00001a58   254 0001:00001a5a   255 0001:00001a61   268 0001:00001a65
   269 0001:00001a7c   270 0001:00001a86   272 0001:00001a92   273 0001:00001aa2
   275 0001:00001ab5   276 0001:00001acc   279 0001:00001ad8   280 0001:00001aea
   281 0001:00001af0   284 0001:00001afc   285 0001:00001afe   286 0001:00001b14
   288 0001:00001b22   294 0001:00001b2e   295 0001:00001b3c   299 0001:00001b49
   302 0001:00001b6d   303 0001:00001b78   326 0001:00001b8d   327 0001:00001b9a
   331 0001:00001ba5   335 0001:00001bb2   338 0001:00001bd3   339 0001:00001bde
    68 0001:00001bf3    80 0001:00001c0a    81 0001:00001c2e    82 0001:00001c32
    83 0001:00001c41    86 0001:00001c46    90 0001:00001c4c    97 0001:00001c5b
    99 0001:00001c84   100 0001:00001c88   101 0001:00001c8e   114 0001:00001c90
   116 0001:00001caa   117 0001:00001cae   118 0001:00001cbb   121 0001:00001cbd
   122 0001:00001cc4   127 0001:00001cf1   134 0001:00001cfd   136 0001:00001d18
   137 0001:00001d1c   139 0001:00001d21   141 0001:00001d35   143 0001:00001d37
   145 0001:00001d47   148 0001:00001d49   150 0001:00001d53   151 0001:00001d5f
   152 0001:00001d63   154 0001:00001d68   156 0001:00001d7e   158 0001:00001d80
   162 0001:00001d98

Line numbers for c:/cygwin/home/Foreman/sandbox/deploy-bin/tmp/deploy/jqs/jqs_plugin/sockets.obj(c:\cygwin\home\foreman\sandbox\deploy-src\src\jqs\windows\sockets.hpp) segment .text

    65 0001:00001742    80 0001:0000175d   275 0001:000017c1   336 0001:000017e8

Line numbers for c:/cygwin/home/Foreman/sandbox/deploy-bin/tmp/deploy/jqs/jqs_plugin/sockets.obj(c:\program files\microsoft visual studio .net 2003\vc7\include\stdexcept) segment .text

    23 0001:0000142d    27 0001:0000144b    26 0001:0000144b    28 0001:00001454
    27 0001:00001455    28 0001:00001458    19 0001:00001485    20 0001:000014b1
    99 0001:000014de

Line numbers for c:/cygwin/home/Foreman/sandbox/deploy-bin/tmp/deploy/jqs/jqs_plugin/sockets.obj(c:\program files\microsoft visual studio .net 2003\vc7\include\vector) segment .text

   791 0001:000013b7   792 0001:000013ba   795 0001:000013c1   797 0001:000013c8
   798 0001:000013d5   877 0001:000013d6   878 0001:000013d7   879 0001:000013ee
   880 0001:000013f3   883 0001:000014e9   884 0001:000014f6   653 0001:00001585
   657 0001:00001593   658 0001:0000159c   660 0001:000015b4   662 0001:000015bc
   663 0001:000015d2   664 0001:000015d9   667 0001:000015f1   668 0001:00001609
   669 0001:0000161d   670 0001:0000162f   673 0001:00001637   675 0001:0000163d
   676 0001:0000164e   677 0001:0000165e   684 0001:0000166b   685 0001:00001680
   688 0001:00001684   690 0001:0000168b   691 0001:00001693   692 0001:00001699
   694 0001:0000169c   680 0001:000016a1   705 0001:000016aa   694 0001:000016b3
   697 0001:000016bf   699 0001:000016cd   702 0001:000016d5   708 0001:000016ea
   709 0001:000016f0   711 0001:000016ff   715 0001:00001701   717 0001:00001711
   718 0001:00001720   720 0001:00001731   770 0001:000017f3   771 0001:000017f4
   772 0001:000017f7   773 0001:0000180a   774 0001:0000180e   775 0001:00001813
   778 0001:0000181a   779 0001:00001823   780 0001:00001826   782 0001:0000182c
   783 0001:00001830   374 0001:00001833   375 0001:00001834   378 0001:00001843
   384 0001:00001859   311 0001:0000185c   312 0001:00001861   313 0001:00001873
   388 0001:00006e1a   387 0001:00006e1a

Line numbers for c:/cygwin/home/Foreman/sandbox/deploy-bin/tmp/deploy/jqs/jqs_plugin/sockets.obj(c:\program files\microsoft visual studio .net 2003\vc7\include\memory) segment .text

   105 0001:000012e9   106 0001:000012ea   108 0001:000012f2   109 0001:00001307
   126 0001:0000135a   128 0001:0000135e   129 0001:00001375    77 0001:00001394
    81 0001:00001397    82 0001:0000139c    81 0001:000013ad    88 0001:000013b2
    89 0001:000013b5   126 0001:00001410   128 0001:00001414   129 0001:0000142b

Line numbers for c:/cygwin/home/Foreman/sandbox/deploy-bin/tmp/deploy/jqs/jqs_plugin/sockets.obj(c:\program files\microsoft visual studio .net 2003\vc7\include\xutility) segment .text

  1160 0001:000012b2  1159 0001:000012b2  1161 0001:000012be  1162 0001:000012ca
  1058 0001:000012cb  1059 0001:000012cb  1061 0001:000012d3  1062 0001:000012e8
  1067 0001:00001340  1069 0001:00001344  1070 0001:00001358  1020 0001:00001377
  1021 0001:0000137a  1022 0001:0000137f  1021 0001:0000138a  1023 0001:0000138f
  1024 0001:00001392  1039 0001:000013f6  1040 0001:000013fa  1041 0001:0000140e

Line numbers for c:/cygwin/home/Foreman/sandbox/deploy-bin/tmp/deploy/jqs/jqs_plugin/sockets.obj(c:\cygwin\home\foreman\sandbox\deploy-src\src\jqs\windows\sockets.cpp) segment .text

    26 0001:00000a5a    30 0001:00000a6c    31 0001:00000a7b    32 0001:00000a7f
    34 0001:00000a8c    41 0001:00000a9f    40 0001:00000a9f    59 0001:00000aa5
    58 0001:00000aa5    60 0001:00000ab4    66 0001:00000ab5    65 0001:00000ab5
    67 0001:00000ab8   152 0001:00000ab9   153 0001:00000abc   154 0001:00000acb
   334 0001:00000ad4   333 0001:00000ad4   335 0001:00000adb    51 0001:00000ade
    52 0001:00000aed    53 0001:00000af3    54 0001:00000afa    56 0001:00000b15
    75 0001:00000b1a    77 0001:00000b20    83 0001:00000b2e    84 0001:00000b3f
    90 0001:00000b4a    88 0001:00000b61    93 0001:00000b70    94 0001:00000b7c
    96 0001:00000b98   103 0001:00000b9c   104 0001:00000ba2   105 0001:00000baf
   107 0001:00000bca   113 0001:00000bcc   114 0001:00000bd2   115 0001:00000bdf
   117 0001:00000bfa   127 0001:00000bfc   128 0001:00000c21   129 0001:00000c31
   130 0001:00000c39   133 0001:00000c54   142 0001:00000c6a   143 0001:00000c95
   144 0001:00000c9f   147 0001:00000cba   161 0001:00000cd2   164 0001:00000cd8
   165 0001:00000ce6   166 0001:00000ceb   167 0001:00000cf6   169 0001:00000d07
   171 0001:00000d1f   177 0001:00000d23   179 0001:00000d29   180 0001:00000d37
   181 0001:00000d3c   183 0001:00000d57   217 0001:00000d59   220 0001:00000d5f
   221 0001:00000d6d   222 0001:00000d72   224 0001:00000d7d   226 0001:00000d8e
   228 0001:00000da6   273 0001:00000daa   275 0001:00000db0   276 0001:00000dc7
   277 0001:00000dcc   279 0001:00000de7   296 0001:00000deb   298 0001:00000df5
   300 0001:00000e03   304 0001:00000e1b   307 0001:00000e24   309 0001:00000e34
   310 0001:00000e5a   313 0001:00000e67   314 0001:00000e72   311 0001:00000e76
   321 0001:00000e92   322 0001:00000e98   323 0001:00000ea8   324 0001:00000ead
   326 0001:00000ec8   347 0001:00000ecc   348 0001:00000ed7   349 0001:00000ee1
   350 0001:00000ee8   351 0001:00000ef5   354 0001:00000eff   356 0001:00000f04
   358 0001:00000f20   364 0001:00000f24   365 0001:00000f24   366 0001:00000f28
   375 0001:00000f30   379 0001:00000f54   380 0001:00000f6b   383 0001:00000f7b
   386 0001:00000f86   387 0001:00000f8f   395 0001:00000fa8   397 0001:00000fc5
   398 0001:00000fd4   435 0001:00000fe5   438 0001:00001009   439 0001:00001020
   441 0001:00001030   442 0001:0000103b   445 0001:00001042   446 0001:0000104b
   286 0001:00001064   287 0001:00001064   288 0001:00001070   189 0001:00001073
   190 0001:00001088   191 0001:00001099   197 0001:000010b3   198 0001:000010cd
   199 0001:000010d2   201 0001:000010e6   202 0001:000010f6   207 0001:000010fd
   208 0001:0000111e   210 0001:00001139   211 0001:00001158   235 0001:0000116d
   236 0001:00001176   237 0001:00001184   241 0001:00001193   242 0001:000011a4
   243 0001:000011aa   245 0001:000011c5   253 0001:000011c9   254 0001:000011d2
   255 0001:000011e0   259 0001:000011ef   260 0001:00001200   261 0001:00001206
   263 0001:0000121a   264 0001:0000121e   267 0001:00001234   406 0001:00001238
   405 0001:00001238   407 0001:00001253   418 0001:00001256   420 0001:00001267
   424 0001:00001279   426 0001:00001284   427 0001:0000129a

Line numbers for c:/cygwin/home/Foreman/sandbox/deploy-bin/tmp/deploy/jqs/jqs_plugin/thread.obj(c:\cygwin\home\foreman\sandbox\deploy-src\src\jqs\windows\thread.cpp) segment .text

    31 0001:0000095f    32 0001:0000096b    33 0001:0000096f    34 0001:00000975
    35 0001:00000979    37 0001:00000983    38 0001:00000990    40 0001:0000099c
    41 0001:0000099e    49 0001:000009a6    52 0001:000009b3    53 0001:000009b6
    54 0001:000009c3    55 0001:000009ca    57 0001:000009cf    62 0001:000009d0
    70 0001:000009d2    72 0001:000009ee    73 0001:000009f6    74 0001:00000a12
    78 0001:00000a14    77 0001:00000a16    78 0001:00000a18    84 0001:00000a1a
    83 0001:00000a1a    85 0001:00000a25    86 0001:00000a2a    88 0001:00000a3d

Line numbers for c:/cygwin/home/Foreman/sandbox/deploy-bin/tmp/deploy/jqs/jqs_plugin/utils.obj(c:\program files\microsoft visual studio .net 2003\vc7\include\xstring) segment .text

  1494 0001:00000236  1495 0001:00000237  1498 0001:00000260  1496 0001:00000264
  1499 0001:00000267  1078 0001:0000026a  1079 0001:0000026a  1080 0001:0000027e
  1321 0001:00000281  1322 0001:00000285  1324 0001:00000293  1325 0001:000002a6
  1326 0001:000002ba  1329 0001:000002d3  1330 0001:000002d9  1327 0001:000002dd
  1351 0001:000002eb  1352 0001:000002f3  1354 0001:000002fa  1355 0001:00000316
  1357 0001:00000318  1354 0001:00000328  1355 0001:00000329  1356 0001:0000033c
  1359 0001:0000034a  1360 0001:00000350  1475 0001:00000354  1474 0001:00000354
  1476 0001:0000036d  1509 0001:00000370  1510 0001:00000370  1512 0001:0000037a
  1515 0001:00000380  1516 0001:0000038d  1517 0001:0000039b  1520 0001:000003a3
  1521 0001:000003b6  1444 0001:000003b9  1445 0001:000003c8  1446 0001:000003cf
  1447 0001:000003dc  1448 0001:000003df  1449 0001:000003e1  1450 0001:00000403
  1453 0001:00000406  1454 0001:0000040a  1456 0001:00000418  1458 0001:0000041e
  1463 0001:00000430  1465 0001:0000043f  1466 0001:00000445  1467 0001:00000460
  1470 0001:0000046b  1471 0001:0000047b  1460 0001:0000048c  1461 0001:00000499
   311 0001:000004a1   312 0001:000004a4   313 0001:000004b2   792 0001:000004b6
   793 0001:000004bb   794 0001:000004c5   795 0001:000004ca   796 0001:000004d4
   797 0001:000004d7   800 0001:000004de   804 0001:000004fa   805 0001:0000051f
  1334 0001:00000523  1335 0001:00000523  1336 0001:00000543  1365 0001:00000546
  1364 0001:00000546  1366 0001:00000566  1035 0001:00000569  1034 0001:00000569
  1036 0001:00000582  1480 0001:00000585  1481 0001:00000587  1482 0001:00000592
  1483 0001:00000597  1484 0001:0000059c  1485 0001:000005a7  1487 0001:000005b5
  1488 0001:000005c8  1489 0001:000005ce  1490 0001:000005d6  1491 0001:000005e0
   502 0001:000005e3   503 0001:000005e7   504 0001:000005f6   505 0001:000005fb
   506 0001:00000600   507 0001:00000605   508 0001:00000608   509 0001:00000613
   511 0001:0000061a   514 0001:00000634   515 0001:00000667   517 0001:00000670
   518 0001:00000674   590 0001:00000678   591 0001:0000067b   592 0001:0000068b
   593 0001:00000690   594 0001:00000698   595 0001:0000069d   597 0001:000006a0
   598 0001:000006a2   599 0001:000006bc   601 0001:000006ca   602 0001:000006f6
   604 0001:00000700   605 0001:00000703   815 0001:00000707   816 0001:0000070e
   817 0001:0000072d   818 0001:00000740   819 0001:00000752   521 0001:00000756
   522 0001:0000075a   523 0001:0000076a   524 0001:00000788   525 0001:00000793
   528 0001:0000079a   530 0001:000007b5   531 0001:000007d5   533 0001:000007de
   534 0001:000007e2   608 0001:000007e6   609 0001:000007eb   610 0001:000007fa
   612 0001:00000818   614 0001:00000828   615 0001:00000843   617 0001:0000084d
   618 0001:00000851   323 0001:00000855   324 0001:00000858   325 0001:00000866
   326 0001:00000875   822 0001:0000087b   823 0001:00000883   824 0001:000008ad
   331 0001:000008af   332 0001:000008b2   333 0001:000008c0   334 0001:000008d3
   538 0001:000008d9   537 0001:000008d9   539 0001:000008f9   622 0001:000008fc
   621 0001:000008fc   623 0001:0000091c   360 0001:0000091f   361 0001:00000922
   362 0001:00000930   363 0001:0000093b  1374 0001:00000941  1375 0001:00000945
  1376 0001:0000095b   457 0001:00001789   456 0001:00001789   458 0001:00001792

Line numbers for c:/cygwin/home/Foreman/sandbox/deploy-bin/tmp/deploy/jqs/jqs_plugin/utils.obj(c:\cygwin\home\foreman\sandbox\deploy-src\src\jqs\share\utils.cpp) segment .text

    82 0001:0000003d    81 0001:0000003d    83 0001:00000050    85 0001:00000051
    86 0001:00000052    87 0001:0000007f    89 0001:00000080    90 0001:00000081
    91 0001:000000a2   109 0001:000000a3   110 0001:000000ba   111 0001:000000cc
   112 0001:000000d4   114 0001:000000fa   115 0001:00000112    96 0001:0000012a
    97 0001:0000012e    98 0001:00000144    99 0001:00000149   101 0001:00000158
   102 0001:0000016a   103 0001:0000018a   104 0001:0000019d   121 0001:0000019f
   125 0001:000001ad   129 0001:000001bb   131 0001:000001cb   132 0001:000001dc
   133 0001:000001df   138 0001:000001f0   129 0001:000001f9   130 0001:0000020e
   144 0001:00000217   147 0001:00000219   135 0001:00000226   136 0001:00000232
    41 0001:00007bfd    45 0001:00007c09    49 0001:00007c15

Line numbers for c:/cygwin/home/Foreman/sandbox/deploy-bin/tmp/deploy/jqs/jqs_plugin/utils.obj(c:\program files\microsoft visual studio .net 2003\vc7\include\iosfwd) segment .text

   358 0001:00000000   357 0001:00000000   359 0001:00000022   364 0001:00000023
   363 0001:00000023   365 0001:0000003c

Line numbers for C:/PROGRA~1/MICROS~1.NET/Vc7/lib\MSVCRT.lib(F:\VS70Builds\3077\vc\crtbld\crt\src\intel\chkstk.asm) segment .text

    69 0001:00007250    65 0001:00007250    70 0001:00007255    72 0001:00007257
    73 0001:00007259    74 0001:0000725b    75 0001:0000725e    76 0001:00007260
    77 0001:00007261    78 0001:00007263    79 0001:00007264    82 0001:00007265
    83 0001:00007266    88 0001:0000726a    89 0001:00007270    91 0001:00007275
    93 0001:00007277    94 0001:0000727c    97 0001:0000727e    98 0001:00007280
   100 0001:00007282   102 0001:00007284   104 0001:00007286   105 0001:00007288
   107 0001:0000728b   109 0001:0000728c

Line numbers for C:/PROGRA~1/MICROS~1.NET/Vc7/lib\MSVCRT.lib(f:\vs70builds\3077\vc\crtbld\crt\src\atonexit.c) segment .text

    81 0001:00007165    76 0001:00007165    90 0001:0000718a    96 0001:0000718b
    95 0001:0000718b    97 0001:0000719c

Line numbers for C:/PROGRA~1/MICROS~1.NET/Vc7/lib\MSVCRT.lib(f:\vs70builds\3077\vc\crtbld\crt\src\crtdll.c) segment .text

   134 0001:000073ba   129 0001:000073ba   135 0001:000073c2   136 0001:000073ca
   158 0001:000073d0   163 0001:000073e3   168 0001:000073f8   170 0001:000073fc
   172 0001:000073ff   178 0001:00007409   179 0001:0000740e   184 0001:00007418
   189 0001:00007429   192 0001:00007430   219 0001:00007436   220 0001:0000743f
   225 0001:00007441   226 0001:0000744d   234 0001:00007463   236 0001:0000746a
   234 0001:00007471   240 0001:00007472   241 0001:00007475   249 0001:00007478
   250 0001:00007484   252 0001:0000748a   257 0001:0000748f   258 0001:0000749c
   260 0001:000074a2   262 0001:000074ab   263 0001:000074b4   265 0001:000074c0
   266 0001:000074c9   268 0001:000074d8   269 0001:000074da   272 0001:000074dc
   275 0001:000074ec   283 0001:000074f5   286 0001:000074ff   288 0001:00007508
   289 0001:00007516   291 0001:00007519   292 0001:00007527   298 0001:00007535
   294 0001:0000753a   295 0001:00007552   299 0001:00007554

Line numbers for C:/PROGRA~1/MICROS~1.NET/Vc7/lib\MSVCRT.lib(F:\VS70Builds\3077\vc\crtbld\crt\src\intel\llmul.asm) segment .text

    62 0001:00007040    47 0001:00007040    63 0001:00007044    64 0001:00007048
    65 0001:0000704a    66 0001:0000704e    68 0001:00007050    69 0001:00007054
    71 0001:00007056    74 0001:00007059    81 0001:0000705a    82 0001:0000705c
    84 0001:0000705e    85 0001:00007062    86 0001:00007066    88 0001:00007068
    89 0001:0000706c    90 0001:0000706e    92 0001:00007070    94 0001:00007071

Line numbers for C:/PROGRA~1/MICROS~1.NET/Vc7/lib\MSVCRT.lib(f:\vs70builds\3077\vc\crtbld\crt\src\secchk.c) segment .text

   114 0001:00007126   116 0001:00007132   117 0001:00007136   119 0001:00007143
   123 0001:0000714e   100 0001:00007157   103 0001:00007157   104 0001:0000715d
   105 0001:0000715f   107 0001:00007160

Line numbers for C:/PROGRA~1/MICROS~1.NET/Vc7/lib\MSVCRT.lib(f:\vs70builds\3077\vc\crtbld\crt\src\seccinit.c) segment .text

    49 0001:0000755c    58 0001:00007562    67 0001:00007573    70 0001:0000757d
    75 0001:00007583    76 0001:0000758b    77 0001:00007593    79 0001:0000759b
    93 0001:000075a5    94 0001:000075c0

Line numbers for C:/PROGRA~1/MICROS~1.NET/Vc7/lib\MSVCRT.lib(F:\VS70Builds\3077\vc\crtbld\crt\src\intel\ulldiv.asm) segment .text

    46 0001:00007080    44 0001:00007080    47 0001:00007081    81 0001:00007082
    82 0001:00007086    83 0001:00007088    84 0001:0000708a    85 0001:0000708e
    86 0001:00007092    87 0001:00007094    88 0001:00007096    89 0001:00007098
    90 0001:0000709c    91 0001:0000709e    92 0001:000070a0    99 0001:000070a2
   100 0001:000070a4   101 0001:000070a8   102 0001:000070ac   104 0001:000070b0
   105 0001:000070b2   106 0001:000070b4   107 0001:000070b6   108 0001:000070b8
   109 0001:000070ba   110 0001:000070bc   111 0001:000070be   120 0001:000070c0
   121 0001:000070c4   122 0001:000070c6   123 0001:000070ca   124 0001:000070cc
   125 0001:000070ce   133 0001:000070d0   134 0001:000070d4   135 0001:000070d6
   136 0001:000070d8   137 0001:000070dc   139 0001:000070de   141 0001:000070df
   142 0001:000070e1   151 0001:000070e3   152 0001:000070e4   154 0001:000070e5

Line numbers for C:/PROGRA~1/MICROS~1.NET/Vc7/lib\libcpmt.lib(f:\vs70builds\3077\vc\crtbld\crt\src\string.cpp) segment .text

    12 0001:00007695    13 0001:000076a2     7 0001:000076ed     8 0001:000076fa

Line numbers for C:/PROGRA~1/MICROS~1.NET/Vc7/lib\libcpmt.lib(f:\vs70builds\3077\vc\crtbld\crt\src\stdexcept) segment .text

   122 0001:0000768a

Line numbers for C:/PROGRA~1/MICROS~1.NET/Vc7/atlmfc/lib\atls.lib(f:\vs70builds\3077\vc\mfcatl\ship\atlmfc\src\atl\atls\atlbase.cpp) segment .text

    67 0001:00007764    68 0001:00007767    69 0001:00007771    29 0001:0000777a
    32 0001:00007795    36 0001:0000779a    38 0001:000077bd    39 0001:000077ce
    41 0001:000077d4    46 0001:000077da    49 0001:000077e2    51 0001:000077f0
    58 0001:000077f4    62 0001:0000780e    64 0001:00007815   126 0001:00007c37

Line numbers for C:/PROGRA~1/MICROS~1.NET/Vc7/atlmfc/lib\atls.lib(f:\vs70builds\3077\vc\mfcatl\ship\atlmfc\include\atlsimpcoll.h) segment .text

   173 0001:0000772d   174 0001:00007730   178 0001:00007736   179 0001:0000773c
   181 0001:00007740   182 0001:00007744   183 0001:00007749

Line numbers for C:/PROGRA~1/MICROS~1.NET/Vc7/atlmfc/lib\atls.lib(f:\vs70builds\3077\vc\mfcatl\ship\atlmfc\src\atl\atls\atlcommodule.cpp) segment .text

    20 0001:00007c4d

Line numbers for C:/PROGRA~1/MICROS~1.NET/Vc7/atlmfc/lib\atls.lib(f:\vs70builds\3077\vc\mfcatl\ship\atlmfc\include\atlbase.h) segment .text

  2272 0001:00007825  2273 0001:00007828  2276 0001:0000782e  2278 0001:00007837
  2281 0001:0000783d  2282 0001:00007844  2283 0001:0000784a  2276 0001:0000784e
  2286 0001:00007857  2290 0001:00007861  2291 0001:00007866  2248 0001:00007867
  2257 0001:00007875  2261 0001:0000789b  2263 0001:000078a3

 Exports

  ordinal    name

        1    _DllCanUnloadNow@0
               exported name: DllCanUnloadNow
        2    _DllGetClassObject@12
               exported name: DllGetClassObject
        3    _DllRegisterServer@0
               exported name: DllRegisterServer
        4    _DllUnregisterServer@0
               exported name: DllUnregisterServer
